[INFO] Scanning for projects...
[INFO] 
[INFO] ------------< org.springframework.samples:spring-petclinic >------------
[INFO] Building petclinic 4.0.0-SNAPSHOT
[INFO]   from pom.xml
[INFO] --------------------------------[ jar ]---------------------------------
[INFO] 
[INFO] --- clean:3.5.0:clean (default-clean) @ spring-petclinic ---
[INFO] Deleting /workspaces/maven-slimming-experiment/work/petclinic/target
[INFO] 
[INFO] --- enforcer:3.6.3:enforce (enforce-java) @ spring-petclinic ---
[INFO] Rule 0: org.apache.maven.enforcer.rules.version.RequireJavaVersion passed
[INFO] 
[INFO] --- spring-javaformat:0.0.47:validate (default) @ spring-petclinic ---
[INFO] 
[INFO] --- checkstyle:3.6.0:check (nohttp-checkstyle-validation) @ spring-petclinic ---
[INFO] You have 0 Checkstyle violations.
[INFO] 
[INFO] --- jacoco:0.8.15:prepare-agent (default) @ spring-petclinic ---
[INFO] argLine set to -javaagent:/tmp/mse-cache/m2/repository/org/jacoco/org.jacoco.agent/0.8.15/org.jacoco.agent-0.8.15-runtime.jar=destfile=/workspaces/maven-slimming-experiment/work/petclinic/target/jacoco.exec
[INFO] 
[INFO] --- git-commit-id:9.2.0:revision (default) @ spring-petclinic ---
[INFO] dotGitDirectory '/workspaces/maven-slimming-experiment/work/petclinic/.git'
[INFO] Collected git.build.user.name with value slimming experiment
[INFO] Collected git.build.user.email with value slimming@localhost
[INFO] Collected git.branch with value slim
[INFO] Collected git.commit.id.describe with value e1143f6
[INFO] Collected git.commit.id.describe-short with value e1143f6
[INFO] Collected git.commit.id with value e1143f6b4c951738ca54c525234ae651d86a12b3
[INFO] Collected git.commit.id.abbrev with value e1143f6
[INFO] Collected git.dirty with value false
[INFO] Collected git.commit.user.name with value slimming experiment
[INFO] Collected git.commit.user.email with value slimming@localhost
[INFO] Collected git.commit.message.full with value F01-drop-mysql: feature-removing: drop MySQL support (driver, Testcontainers MySQL tests, mysql profile + SQL)
[INFO] Collected git.commit.message.short with value F01-drop-mysql: feature-removing: drop MySQL support (driver, Testcontainers MySQL tests, mysql profile + SQL)
[INFO] Collected git.commit.time with value 2026-10-04T01:48:08Z
[INFO] Collected git.commit.author.time with value 2026-10-04T01:48:08Z
[INFO] Collected git.commit.committer.time with value 2026-10-04T01:48:08Z
[INFO] Collected git.remote.origin.url with value https://github.com/spring-projects/spring-petclinic.git
[INFO] Collected git.tags with value 
[INFO] Collected git.tag with value 
[INFO] Collected git.closest.tag.name with value 
[INFO] Collected git.closest.tag.commit.count with value 
[INFO] Collected git.total.commit.count with value 1067
[INFO] Collected git.local.branch.ahead with value NO_REMOTE
[INFO] Collected git.local.branch.behind with value NO_REMOTE
[INFO] Collected git.build.time with value 2024-11-28T14:37:52Z
[INFO] Collected git.build.version with value 4.0.0-SNAPSHOT
[INFO] Collected git.build.host with value codespaces-802a35
[INFO] including property 'git.tags' in results
[INFO] including property 'git.build.version' in results
[INFO] including property 'git.branch' in results
[INFO] including property 'git.build.host' in results
[INFO] including property 'git.commit.id' in results
[INFO] including property 'git.commit.user.email' in results
[INFO] including property 'git.local.branch.behind' in results
[INFO] including property 'git.commit.author.time' in results
[INFO] including property 'git.build.user.name' in results
[INFO] including property 'git.dirty' in results
[INFO] including property 'git.closest.tag.commit.count' in results
[INFO] including property 'git.commit.user.name' in results
[INFO] including property 'git.commit.id.abbrev' in results
[INFO] including property 'git.commit.id.describe-short' in results
[INFO] including property 'git.total.commit.count' in results
[INFO] including property 'git.commit.id.describe' in results
[INFO] including property 'git.build.user.email' in results
[INFO] including property 'git.commit.message.short' in results
[INFO] including property 'git.commit.committer.time' in results
[INFO] including property 'git.tag' in results
[INFO] including property 'git.closest.tag.name' in results
[INFO] including property 'git.local.branch.ahead' in results
[INFO] including property 'git.commit.time' in results
[INFO] including property 'git.build.time' in results
[INFO] including property 'git.commit.message.full' in results
[INFO] including property 'git.remote.origin.url' in results
[INFO] Writing properties file [/workspaces/maven-slimming-experiment/work/petclinic/target/classes/git.properties] (for project petclinic)...
[INFO] 
[INFO] --- spring-boot:4.1.0:build-info (default) @ spring-petclinic ---
[INFO] 
[INFO] --- cyclonedx:2.9.1:makeAggregateBom (default) @ spring-petclinic ---
[INFO] CycloneDX: Resolving Dependencies
[INFO] CycloneDX: Creating BOM version 1.6 with 94 component(s)
[INFO] CycloneDX: Writing and validating BOM (JSON): /workspaces/maven-slimming-experiment/work/petclinic/target/classes/META-INF/sbom/application.cdx.json
[WARNING] Unknown keyword meta:enum - you should define your own Meta Schema. If the keyword is irrelevant for validation, just use a NonValidationKeyword or if it should generate annotations AnnotationKeyword
[WARNING] Unknown keyword deprecated - you should define your own Meta Schema. If the keyword is irrelevant for validation, just use a NonValidationKeyword or if it should generate annotations AnnotationKeyword
[INFO]            attaching as spring-petclinic-4.0.0-SNAPSHOT-cyclonedx.json
[INFO] 
[INFO] --- resources:3.5.0:resources (default-resources) @ spring-petclinic ---
[INFO] Copying 2 resources from src/main/resources to target/classes
[INFO] Copying 43 resources from src/main/resources to target/classes
[INFO] 
[INFO] --- compiler:3.15.0:compile (default-compile) @ spring-petclinic ---
[INFO] Recompiling the module because of changed source code.
[INFO] Compiling 30 source files with javac [debug parameters release 17] to target/classes
[INFO] 
[INFO] --- resources:3.5.0:testResources (default-testResources) @ spring-petclinic ---
[INFO] skip non existing resourceDirectory /workspaces/maven-slimming-experiment/work/petclinic/src/test/resources
[INFO] 
[INFO] --- compiler:3.15.0:testCompile (default-testCompile) @ spring-petclinic ---
[INFO] Recompiling the module because of changed dependency.
[INFO] Compiling 18 source files with javac [debug parameters release 17] to target/test-classes
[INFO] -------------------------------------------------------------
[ERROR] COMPILATION ERROR : 
[INFO] -------------------------------------------------------------
[ERROR] /workspaces/maven-slimming-experiment/work/petclinic/src/test/java/org/springframework/samples/petclinic/PostgresIntegrationTests.java:[49,26] package org.testcontainers does not exist
[ERROR] /workspaces/maven-slimming-experiment/work/petclinic/src/test/java/org/springframework/samples/petclinic/PostgresIntegrationTests.java:[68,28] cannot find symbol
  symbol:   variable DockerClientFactory
  location: class org.springframework.samples.petclinic.PostgresIntegrationTests
[INFO] 2 errors 
[INFO] -------------------------------------------------------------
[INFO] ------------------------------------------------------------------------
[INFO] BUILD FAILURE
[INFO] ------------------------------------------------------------------------
[INFO] Total time:  10.819 s
[INFO] Finished at: 2026-10-04T01:48:20Z
[INFO] ------------------------------------------------------------------------
[ERROR] Failed to execute goal org.apache.maven.plugins:maven-compiler-plugin:3.15.0:testCompile (default-testCompile) on project spring-petclinic: Compilation failure: Compilation failure: 
[ERROR] /workspaces/maven-slimming-experiment/work/petclinic/src/test/java/org/springframework/samples/petclinic/PostgresIntegrationTests.java:[49,26] package org.testcontainers does not exist
[ERROR] /workspaces/maven-slimming-experiment/work/petclinic/src/test/java/org/springframework/samples/petclinic/PostgresIntegrationTests.java:[68,28] cannot find symbol
[ERROR]   symbol:   variable DockerClientFactory
[ERROR]   location: class org.springframework.samples.petclinic.PostgresIntegrationTests
[ERROR] -> [Help 1]
[ERROR] 
[ERROR] To see the full stack trace of the errors, re-run Maven with the -e switch.
[ERROR] Re-run Maven using the -X switch to enable full debug logging.
[ERROR] 
[ERROR] For more information about the errors and possible solutions, please read the following articles:
[ERROR] [Help 1] http://cwiki.apache.org/confluence/display/MAVEN/MojoFailureException
