[INFO] Scanning for projects...
[INFO] Downloading from central: https://repo.maven.apache.org/maven2/se/kth/castor/depclean-maven-plugin/2.2.0/depclean-maven-plugin-2.2.0.pom
[INFO] Downloaded from central: https://repo.maven.apache.org/maven2/se/kth/castor/depclean-maven-plugin/2.2.0/depclean-maven-plugin-2.2.0.pom (11 kB at 31 kB/s)
[INFO] Downloading from central: https://repo.maven.apache.org/maven2/se/kth/castor/depclean-parent-pom/2.2.0/depclean-parent-pom-2.2.0.pom
[INFO] Downloaded from central: https://repo.maven.apache.org/maven2/se/kth/castor/depclean-parent-pom/2.2.0/depclean-parent-pom-2.2.0.pom (15 kB at 243 kB/s)
[INFO] Downloading from central: https://repo.maven.apache.org/maven2/se/kth/castor/depclean-maven-plugin/2.2.0/depclean-maven-plugin-2.2.0.jar
[INFO] Downloaded from central: https://repo.maven.apache.org/maven2/se/kth/castor/depclean-maven-plugin/2.2.0/depclean-maven-plugin-2.2.0.jar (47 kB at 549 kB/s)
[INFO] 
[INFO] ------------< org.springframework.samples:spring-petclinic >------------
[INFO] Building petclinic 4.0.0-SNAPSHOT
[INFO]   from pom.xml
[INFO] --------------------------------[ jar ]---------------------------------
[INFO] 
[INFO] --- depclean:2.2.0:depclean (default-cli) @ spring-petclinic ---
[INFO] Downloading from central: https://repo.maven.apache.org/maven2/se/kth/castor/depclean-core/2.2.0/depclean-core-2.2.0.pom
[INFO] Downloaded from central: https://repo.maven.apache.org/maven2/se/kth/castor/depclean-core/2.2.0/depclean-core-2.2.0.pom (4.7 kB at 76 kB/s)
[INFO] Downloading from central: https://repo.maven.apache.org/maven2/org/codehaus/plexus/plexus-utils/4.1.0/plexus-utils-4.1.0.pom
[INFO] Downloaded from central: https://repo.maven.apache.org/maven2/org/codehaus/plexus/plexus-utils/4.1.0/plexus-utils-4.1.0.pom (7.8 kB at 244 kB/s)
[INFO] Downloading from central: https://repo.maven.apache.org/maven2/org/codehaus/plexus/plexus/27/plexus-27.pom
[INFO] Downloaded from central: https://repo.maven.apache.org/maven2/org/codehaus/plexus/plexus/27/plexus-27.pom (36 kB at 1.3 MB/s)
[INFO] Downloading from central: https://repo.maven.apache.org/maven2/org/apache/maven/maven-core/3.9.16/maven-core-3.9.16.pom
[INFO] Downloaded from central: https://repo.maven.apache.org/maven2/org/apache/maven/maven-core/3.9.16/maven-core-3.9.16.pom (8.0 kB at 222 kB/s)
[INFO] Downloading from central: https://repo.maven.apache.org/maven2/org/apache/maven/maven/3.9.16/maven-3.9.16.pom
[INFO] Downloaded from central: https://repo.maven.apache.org/maven2/org/apache/maven/maven/3.9.16/maven-3.9.16.pom (27 kB at 831 kB/s)
[INFO] Downloading from central: https://repo.maven.apache.org/maven2/org/apache/maven/maven-model/3.9.16/maven-model-3.9.16.pom
[INFO] Downloaded from central: https://repo.maven.apache.org/maven2/org/apache/maven/maven-model/3.9.16/maven-model-3.9.16.pom (2.9 kB at 99 kB/s)
[INFO] Downloading from central: https://repo.maven.apache.org/maven2/org/codehaus/plexus/plexus-utils/3.6.1/plexus-utils-3.6.1.pom
[INFO] Downloaded from central: https://repo.maven.apache.org/maven2/org/codehaus/plexus/plexus-utils/3.6.1/plexus-utils-3.6.1.pom (7.9 kB at 293 kB/s)
[INFO] Downloading from central: https://repo.maven.apache.org/maven2/org/apache/maven/maven-settings/3.9.16/maven-settings-3.9.16.pom
[INFO] Downloaded from central: https://repo.maven.apache.org/maven2/org/apache/maven/maven-settings/3.9.16/maven-settings-3.9.16.pom (1.8 kB at 57 kB/s)
[INFO] Downloading from central: https://repo.maven.apache.org/maven2/org/apache/maven/maven-settings-builder/3.9.16/maven-settings-builder-3.9.16.pom
[INFO] Downloaded from central: https://repo.maven.apache.org/maven2/org/apache/maven/maven-settings-builder/3.9.16/maven-settings-builder-3.9.16.pom (2.6 kB at 97 kB/s)
[INFO] Downloading from central: https://repo.maven.apache.org/maven2/org/apache/maven/maven-builder-support/3.9.16/maven-builder-support-3.9.16.pom
[INFO] Downloaded from central: https://repo.maven.apache.org/maven2/org/apache/maven/maven-builder-support/3.9.16/maven-builder-support-3.9.16.pom (1.6 kB at 58 kB/s)
[INFO] Downloading from central: https://repo.maven.apache.org/maven2/org/codehaus/plexus/plexus-utils/3.4.1/plexus-utils-3.4.1.pom
[INFO] Downloaded from central: https://repo.maven.apache.org/maven2/org/codehaus/plexus/plexus-utils/3.4.1/plexus-utils-3.4.1.pom (8.0 kB at 306 kB/s)
[INFO] Downloading from central: https://repo.maven.apache.org/maven2/org/apache/maven/maven-repository-metadata/3.9.16/maven-repository-metadata-3.9.16.pom
[INFO] Downloaded from central: https://repo.maven.apache.org/maven2/org/apache/maven/maven-repository-metadata/3.9.16/maven-repository-metadata-3.9.16.pom (2.2 kB at 85 kB/s)
[INFO] Downloading from central: https://repo.maven.apache.org/maven2/org/apache/maven/maven-artifact/3.9.16/maven-artifact-3.9.16.pom
[INFO] Downloaded from central: https://repo.maven.apache.org/maven2/org/apache/maven/maven-artifact/3.9.16/maven-artifact-3.9.16.pom (2.3 kB at 87 kB/s)
[INFO] Downloading from central: https://repo.maven.apache.org/maven2/org/apache/maven/maven-plugin-api/3.9.16/maven-plugin-api-3.9.16.pom
[INFO] Downloaded from central: https://repo.maven.apache.org/maven2/org/apache/maven/maven-plugin-api/3.9.16/maven-plugin-api-3.9.16.pom (3.1 kB at 107 kB/s)
[INFO] Downloading from central: https://repo.maven.apache.org/maven2/org/eclipse/sisu/org.eclipse.sisu.plexus/1.0.0/org.eclipse.sisu.plexus-1.0.0.pom
[INFO] Downloaded from central: https://repo.maven.apache.org/maven2/org/eclipse/sisu/org.eclipse.sisu.plexus/1.0.0/org.eclipse.sisu.plexus-1.0.0.pom (17 kB at 644 kB/s)
[INFO] Downloading from central: https://repo.maven.apache.org/maven2/org/eclipse/sisu/sisu-inject/1.0.0/sisu-inject-1.0.0.pom
[INFO] Downloaded from central: https://repo.maven.apache.org/maven2/org/eclipse/sisu/sisu-inject/1.0.0/sisu-inject-1.0.0.pom (28 kB at 958 kB/s)
[INFO] Downloading from central: https://repo.maven.apache.org/maven2/org/codehaus/plexus/plexus-classworlds/2.11.0/plexus-classworlds-2.11.0.pom
[INFO] Downloaded from central: https://repo.maven.apache.org/maven2/org/codehaus/plexus/plexus-classworlds/2.11.0/plexus-classworlds-2.11.0.pom (7.4 kB at 284 kB/s)
[INFO] Downloading from central: https://repo.maven.apache.org/maven2/org/apache/maven/maven-model-builder/3.9.16/maven-model-builder-3.9.16.pom
[INFO] Downloaded from central: https://repo.maven.apache.org/maven2/org/apache/maven/maven-model-builder/3.9.16/maven-model-builder-3.9.16.pom (4.0 kB at 153 kB/s)
[INFO] Downloading from central: https://repo.maven.apache.org/maven2/org/eclipse/sisu/org.eclipse.sisu.inject/1.0.0/org.eclipse.sisu.inject-1.0.0.pom
[INFO] Downloaded from central: https://repo.maven.apache.org/maven2/org/eclipse/sisu/org.eclipse.sisu.inject/1.0.0/org.eclipse.sisu.inject-1.0.0.pom (18 kB at 664 kB/s)
[INFO] Downloading from central: https://repo.maven.apache.org/maven2/org/apache/maven/maven-resolver-provider/3.9.16/maven-resolver-provider-3.9.16.pom
[INFO] Downloaded from central: https://repo.maven.apache.org/maven2/org/apache/maven/maven-resolver-provider/3.9.16/maven-resolver-provider-3.9.16.pom (4.7 kB at 168 kB/s)
[INFO] Downloading from central: https://repo.maven.apache.org/maven2/org/apache/maven/resolver/maven-resolver-spi/1.9.27/maven-resolver-spi-1.9.27.pom
[INFO] Downloaded from central: https://repo.maven.apache.org/maven2/org/apache/maven/resolver/maven-resolver-spi/1.9.27/maven-resolver-spi-1.9.27.pom (2.1 kB at 80 kB/s)
[INFO] Downloading from central: https://repo.maven.apache.org/maven2/org/apache/maven/resolver/maven-resolver-impl/1.9.27/maven-resolver-impl-1.9.27.pom
[INFO] Downloaded from central: https://repo.maven.apache.org/maven2/org/apache/maven/resolver/maven-resolver-impl/1.9.27/maven-resolver-impl-1.9.27.pom (4.2 kB at 136 kB/s)
[INFO] Downloading from central: https://repo.maven.apache.org/maven2/org/apache/maven/resolver/maven-resolver-named-locks/1.9.27/maven-resolver-named-locks-1.9.27.pom
[INFO] Downloaded from central: https://repo.maven.apache.org/maven2/org/apache/maven/resolver/maven-resolver-named-locks/1.9.27/maven-resolver-named-locks-1.9.27.pom (2.6 kB at 104 kB/s)
[INFO] Downloading from central: https://repo.maven.apache.org/maven2/com/google/guava/guava/33.6.0-jre/guava-33.6.0-jre.pom
[INFO] Downloaded from central: https://repo.maven.apache.org/maven2/com/google/guava/guava/33.6.0-jre/guava-33.6.0-jre.pom (9.8 kB at 326 kB/s)
[INFO] Downloading from central: https://repo.maven.apache.org/maven2/com/google/guava/guava-parent/33.6.0-jre/guava-parent-33.6.0-jre.pom
[INFO] Downloaded from central: https://repo.maven.apache.org/maven2/com/google/guava/guava-parent/33.6.0-jre/guava-parent-33.6.0-jre.pom (26 kB at 937 kB/s)
[INFO] Downloading from central: https://repo.maven.apache.org/maven2/org/jspecify/jspecify/1.0.1/jspecify-1.0.1.pom
[INFO] Downloaded from central: https://repo.maven.apache.org/maven2/org/jspecify/jspecify/1.0.1/jspecify-1.0.1.pom (1.9 kB at 74 kB/s)
[INFO] Downloading from central: https://repo.maven.apache.org/maven2/com/google/guava/guava/33.7.1-jre/guava-33.7.1-jre.pom
[INFO] Downloaded from central: https://repo.maven.apache.org/maven2/com/google/guava/guava/33.7.1-jre/guava-33.7.1-jre.pom (9.7 kB at 389 kB/s)
[INFO] Downloading from central: https://repo.maven.apache.org/maven2/com/google/guava/guava-parent/33.7.1-jre/guava-parent-33.7.1-jre.pom
[INFO] Downloaded from central: https://repo.maven.apache.org/maven2/com/google/guava/guava-parent/33.7.1-jre/guava-parent-33.7.1-jre.pom (30 kB at 970 kB/s)
[INFO] Downloading from central: https://repo.maven.apache.org/maven2/com/google/errorprone/error_prone_annotations/2.50.0/error_prone_annotations-2.50.0.pom
[INFO] Downloaded from central: https://repo.maven.apache.org/maven2/com/google/errorprone/error_prone_annotations/2.50.0/error_prone_annotations-2.50.0.pom (4.3 kB at 177 kB/s)
[INFO] Downloading from central: https://repo.maven.apache.org/maven2/com/google/errorprone/error_prone_parent/2.50.0/error_prone_parent-2.50.0.pom
[INFO] Downloaded from central: https://repo.maven.apache.org/maven2/com/google/errorprone/error_prone_parent/2.50.0/error_prone_parent-2.50.0.pom (16 kB at 662 kB/s)
[INFO] Downloading from central: https://repo.maven.apache.org/maven2/org/slf4j/slf4j-reload4j/2.0.18/slf4j-reload4j-2.0.18.pom
[INFO] Downloaded from central: https://repo.maven.apache.org/maven2/org/slf4j/slf4j-reload4j/2.0.18/slf4j-reload4j-2.0.18.pom (2.2 kB at 75 kB/s)
[INFO] Downloading from central: https://repo.maven.apache.org/maven2/ch/qos/reload4j/reload4j/1.2.22/reload4j-1.2.22.pom
[INFO] Downloaded from central: https://repo.maven.apache.org/maven2/ch/qos/reload4j/reload4j/1.2.22/reload4j-1.2.22.pom (16 kB at 541 kB/s)
[INFO] Downloading from central: https://repo.maven.apache.org/maven2/com/google/code/gson/gson/2.14.0/gson-2.14.0.pom
[INFO] Downloaded from central: https://repo.maven.apache.org/maven2/com/google/code/gson/gson/2.14.0/gson-2.14.0.pom (23 kB at 651 kB/s)
[INFO] Downloading from central: https://repo.maven.apache.org/maven2/com/google/code/gson/gson-parent/2.14.0/gson-parent-2.14.0.pom
[INFO] Downloaded from central: https://repo.maven.apache.org/maven2/com/google/code/gson/gson-parent/2.14.0/gson-parent-2.14.0.pom (27 kB at 1.0 MB/s)
[INFO] Downloading from central: https://repo.maven.apache.org/maven2/com/google/errorprone/error_prone_annotations/2.48.0/error_prone_annotations-2.48.0.pom
[INFO] Downloaded from central: https://repo.maven.apache.org/maven2/com/google/errorprone/error_prone_annotations/2.48.0/error_prone_annotations-2.48.0.pom (4.3 kB at 147 kB/s)
[INFO] Downloading from central: https://repo.maven.apache.org/maven2/com/google/errorprone/error_prone_parent/2.48.0/error_prone_parent-2.48.0.pom
[INFO] Downloaded from central: https://repo.maven.apache.org/maven2/com/google/errorprone/error_prone_parent/2.48.0/error_prone_parent-2.48.0.pom (16 kB at 635 kB/s)
[INFO] Downloading from central: https://repo.maven.apache.org/maven2/org/whitesource/maven-dependency-tree-parser/1.0.6/maven-dependency-tree-parser-1.0.6.pom
[INFO] Downloaded from central: https://repo.maven.apache.org/maven2/org/whitesource/maven-dependency-tree-parser/1.0.6/maven-dependency-tree-parser-1.0.6.pom (11 kB at 403 kB/s)
[INFO] Downloading from central: https://repo.maven.apache.org/maven2/commons-lang/commons-lang/2.4/commons-lang-2.4.pom
[INFO] Downloaded from central: https://repo.maven.apache.org/maven2/commons-lang/commons-lang/2.4/commons-lang-2.4.pom (14 kB at 538 kB/s)
[INFO] Downloading from central: https://repo.maven.apache.org/maven2/org/apache/commons/commons-parent/9/commons-parent-9.pom
[INFO] Downloaded from central: https://repo.maven.apache.org/maven2/org/apache/commons/commons-parent/9/commons-parent-9.pom (22 kB at 843 kB/s)
[INFO] Downloading from central: https://repo.maven.apache.org/maven2/commons-io/commons-io/2.0.1/commons-io-2.0.1.pom
[INFO] Downloaded from central: https://repo.maven.apache.org/maven2/commons-io/commons-io/2.0.1/commons-io-2.0.1.pom (9.0 kB at 334 kB/s)
[INFO] Downloading from central: https://repo.maven.apache.org/maven2/org/apache/commons/commons-parent/15/commons-parent-15.pom
[INFO] Downloaded from central: https://repo.maven.apache.org/maven2/org/apache/commons/commons-parent/15/commons-parent-15.pom (32 kB at 647 kB/s)
[INFO] Downloading from central: https://repo.maven.apache.org/maven2/se/kth/castor/depclean-core/2.2.0/depclean-core-2.2.0.jar
[INFO] Downloaded from central: https://repo.maven.apache.org/maven2/se/kth/castor/depclean-core/2.2.0/depclean-core-2.2.0.jar (76 kB at 1.2 MB/s)
[INFO] Downloading from central: https://repo.maven.apache.org/maven2/org/codehaus/plexus/plexus-utils/4.1.0/plexus-utils-4.1.0.jar
[INFO] Downloading from central: https://repo.maven.apache.org/maven2/org/apache/maven/maven-core/3.9.16/maven-core-3.9.16.jar
[INFO] Downloading from central: https://repo.maven.apache.org/maven2/org/apache/maven/maven-model/3.9.16/maven-model-3.9.16.jar
[INFO] Downloading from central: https://repo.maven.apache.org/maven2/org/apache/maven/maven-settings/3.9.16/maven-settings-3.9.16.jar
[INFO] Downloading from central: https://repo.maven.apache.org/maven2/org/apache/maven/maven-settings-builder/3.9.16/maven-settings-builder-3.9.16.jar
[INFO] Downloaded from central: https://repo.maven.apache.org/maven2/org/codehaus/plexus/plexus-utils/4.1.0/plexus-utils-4.1.0.jar (193 kB at 5.2 MB/s)
[INFO] Downloading from central: https://repo.maven.apache.org/maven2/org/apache/maven/maven-builder-support/3.9.16/maven-builder-support-3.9.16.jar
[INFO] Downloaded from central: https://repo.maven.apache.org/maven2/org/apache/maven/maven-builder-support/3.9.16/maven-builder-support-3.9.16.jar (14 kB at 244 kB/s)
[INFO] Downloading from central: https://repo.maven.apache.org/maven2/org/apache/maven/maven-repository-metadata/3.9.16/maven-repository-metadata-3.9.16.jar
[INFO] Downloaded from central: https://repo.maven.apache.org/maven2/org/apache/maven/maven-settings/3.9.16/maven-settings-3.9.16.jar (45 kB at 667 kB/s)
[INFO] Downloading from central: https://repo.maven.apache.org/maven2/org/apache/maven/maven-artifact/3.9.16/maven-artifact-3.9.16.jar
[INFO] Downloaded from central: https://repo.maven.apache.org/maven2/org/apache/maven/maven-repository-metadata/3.9.16/maven-repository-metadata-3.9.16.jar (29 kB at 352 kB/s)
[INFO] Downloading from central: https://repo.maven.apache.org/maven2/org/apache/maven/maven-plugin-api/3.9.16/maven-plugin-api-3.9.16.jar
[INFO] Downloaded from central: https://repo.maven.apache.org/maven2/org/apache/maven/maven-settings-builder/3.9.16/maven-settings-builder-3.9.16.jar (42 kB at 487 kB/s)
[INFO] Downloading from central: https://repo.maven.apache.org/maven2/org/apache/maven/maven-model-builder/3.9.16/maven-model-builder-3.9.16.jar
[INFO] Downloaded from central: https://repo.maven.apache.org/maven2/org/apache/maven/maven-model/3.9.16/maven-model-3.9.16.jar (218 kB at 2.4 MB/s)
[INFO] Downloading from central: https://repo.maven.apache.org/maven2/org/apache/maven/maven-resolver-provider/3.9.16/maven-resolver-provider-3.9.16.jar
[INFO] Downloaded from central: https://repo.maven.apache.org/maven2/org/apache/maven/maven-artifact/3.9.16/maven-artifact-3.9.16.jar (59 kB at 633 kB/s)
[INFO] Downloading from central: https://repo.maven.apache.org/maven2/org/apache/maven/resolver/maven-resolver-impl/1.9.27/maven-resolver-impl-1.9.27.jar
[INFO] Downloaded from central: https://repo.maven.apache.org/maven2/org/apache/maven/maven-plugin-api/3.9.16/maven-plugin-api-3.9.16.jar (48 kB at 449 kB/s)
[INFO] Downloading from central: https://repo.maven.apache.org/maven2/org/apache/maven/resolver/maven-resolver-named-locks/1.9.27/maven-resolver-named-locks-1.9.27.jar
[INFO] Downloaded from central: https://repo.maven.apache.org/maven2/org/apache/maven/maven-core/3.9.16/maven-core-3.9.16.jar (722 kB at 5.6 MB/s)
[INFO] Downloaded from central: https://repo.maven.apache.org/maven2/org/apache/maven/maven-model-builder/3.9.16/maven-model-builder-3.9.16.jar (209 kB at 1.6 MB/s)
[INFO] Downloading from central: https://repo.maven.apache.org/maven2/org/apache/maven/resolver/maven-resolver-api/1.9.27/maven-resolver-api-1.9.27.jar
[INFO] Downloading from central: https://repo.maven.apache.org/maven2/org/apache/maven/resolver/maven-resolver-spi/1.9.27/maven-resolver-spi-1.9.27.jar
[INFO] Downloaded from central: https://repo.maven.apache.org/maven2/org/apache/maven/resolver/maven-resolver-named-locks/1.9.27/maven-resolver-named-locks-1.9.27.jar (38 kB at 287 kB/s)
[INFO] Downloading from central: https://repo.maven.apache.org/maven2/org/eclipse/sisu/org.eclipse.sisu.plexus/1.0.0/org.eclipse.sisu.plexus-1.0.0.jar
[INFO] Downloaded from central: https://repo.maven.apache.org/maven2/org/apache/maven/maven-resolver-provider/3.9.16/maven-resolver-provider-3.9.16.jar (79 kB at 599 kB/s)
[INFO] Downloading from central: https://repo.maven.apache.org/maven2/org/eclipse/sisu/org.eclipse.sisu.inject/1.0.0/org.eclipse.sisu.inject-1.0.0.jar
[INFO] Downloaded from central: https://repo.maven.apache.org/maven2/org/apache/maven/resolver/maven-resolver-impl/1.9.27/maven-resolver-impl-1.9.27.jar (327 kB at 2.4 MB/s)
[INFO] Downloading from central: https://repo.maven.apache.org/maven2/org/codehaus/plexus/plexus-classworlds/2.11.0/plexus-classworlds-2.11.0.jar
[INFO] Downloaded from central: https://repo.maven.apache.org/maven2/org/apache/maven/resolver/maven-resolver-spi/1.9.27/maven-resolver-spi-1.9.27.jar (52 kB at 333 kB/s)
[INFO] Downloading from central: https://repo.maven.apache.org/maven2/com/google/guava/guava/33.7.1-jre/guava-33.7.1-jre.jar
[INFO] Downloaded from central: https://repo.maven.apache.org/maven2/org/apache/maven/resolver/maven-resolver-api/1.9.27/maven-resolver-api-1.9.27.jar (158 kB at 1.0 MB/s)
[INFO] Downloading from central: https://repo.maven.apache.org/maven2/org/jspecify/jspecify/1.0.1/jspecify-1.0.1.jar
[INFO] Downloaded from central: https://repo.maven.apache.org/maven2/org/codehaus/plexus/plexus-classworlds/2.11.0/plexus-classworlds-2.11.0.jar (54 kB at 338 kB/s)
[INFO] Downloading from central: https://repo.maven.apache.org/maven2/com/google/code/gson/gson/2.14.0/gson-2.14.0.jar
[INFO] Downloaded from central: https://repo.maven.apache.org/maven2/org/eclipse/sisu/org.eclipse.sisu.inject/1.0.0/org.eclipse.sisu.inject-1.0.0.jar (304 kB at 1.9 MB/s)
[INFO] Downloading from central: https://repo.maven.apache.org/maven2/com/google/errorprone/error_prone_annotations/2.48.0/error_prone_annotations-2.48.0.jar
[INFO] Downloaded from central: https://repo.maven.apache.org/maven2/org/eclipse/sisu/org.eclipse.sisu.plexus/1.0.0/org.eclipse.sisu.plexus-1.0.0.jar (216 kB at 1.2 MB/s)
[INFO] Downloading from central: https://repo.maven.apache.org/maven2/org/whitesource/maven-dependency-tree-parser/1.0.6/maven-dependency-tree-parser-1.0.6.jar
[INFO] Downloaded from central: https://repo.maven.apache.org/maven2/org/jspecify/jspecify/1.0.1/jspecify-1.0.1.jar (3.1 kB at 17 kB/s)
[INFO] Downloading from central: https://repo.maven.apache.org/maven2/commons-lang/commons-lang/2.4/commons-lang-2.4.jar
[INFO] Downloaded from central: https://repo.maven.apache.org/maven2/com/google/errorprone/error_prone_annotations/2.48.0/error_prone_annotations-2.48.0.jar (20 kB at 107 kB/s)
[INFO] Downloading from central: https://repo.maven.apache.org/maven2/org/slf4j/slf4j-reload4j/2.0.18/slf4j-reload4j-2.0.18.jar
[INFO] Downloaded from central: https://repo.maven.apache.org/maven2/com/google/code/gson/gson/2.14.0/gson-2.14.0.jar (314 kB at 1.6 MB/s)
[INFO] Downloading from central: https://repo.maven.apache.org/maven2/ch/qos/reload4j/reload4j/1.2.22/reload4j-1.2.22.jar
[INFO] Downloaded from central: https://repo.maven.apache.org/maven2/commons-lang/commons-lang/2.4/commons-lang-2.4.jar (262 kB at 1.2 MB/s)
[INFO] Downloaded from central: https://repo.maven.apache.org/maven2/org/slf4j/slf4j-reload4j/2.0.18/slf4j-reload4j-2.0.18.jar (11 kB at 50 kB/s)
[INFO] Downloaded from central: https://repo.maven.apache.org/maven2/org/whitesource/maven-dependency-tree-parser/1.0.6/maven-dependency-tree-parser-1.0.6.jar (36 kB at 167 kB/s)
[INFO] Downloading from central: https://repo.maven.apache.org/maven2/net/bytebuddy/byte-buddy/1.18.3/byte-buddy-1.18.3.jar
[INFO] Downloaded from central: https://repo.maven.apache.org/maven2/ch/qos/reload4j/reload4j/1.2.22/reload4j-1.2.22.jar (332 kB at 1.4 MB/s)
[INFO] Downloaded from central: https://repo.maven.apache.org/maven2/com/google/guava/guava/33.7.1-jre/guava-33.7.1-jre.jar (3.1 MB at 11 MB/s)
[INFO] Downloaded from central: https://repo.maven.apache.org/maven2/net/bytebuddy/byte-buddy/1.18.3/byte-buddy-1.18.3.jar (9.2 MB at 23 MB/s)
-------------------------------------------------------
[INFO] Starting DepClean dependency analysis
[WARNING] Problem decompressing jar file: /workspaces/maven-slimming-experiment/work/petclinic/target/dependency/testcontainers-2.0.5.jar
[ERROR] ZIP bomb detected: too many entries in archive (10000)
java.io.IOException: ZIP bomb detected: too many entries in archive (10000)
    at se.kth.depclean.core.util.JarUtils.decompressDependencyFiles (JarUtils.java:120)
    at se.kth.depclean.core.util.JarUtils.decompress (JarUtils.java:55)
    at se.kth.depclean.core.DepCleanManager.extractClassesFromDependencies (DepCleanManager.java:161)
    at se.kth.depclean.core.DepCleanManager.execute (DepCleanManager.java:91)
    at se.kth.depclean.DepCleanMojo.execute (DepCleanMojo.java:163)
    at org.apache.maven.plugin.DefaultBuildPluginManager.executeMojo (DefaultBuildPluginManager.java:126)
    at org.apache.maven.lifecycle.internal.MojoExecutor.doExecute2 (MojoExecutor.java:328)
    at org.apache.maven.lifecycle.internal.MojoExecutor.doExecute (MojoExecutor.java:316)
    at org.apache.maven.lifecycle.internal.MojoExecutor.execute (MojoExecutor.java:212)
    at org.apache.maven.lifecycle.internal.MojoExecutor.execute (MojoExecutor.java:174)
    at org.apache.maven.lifecycle.internal.MojoExecutor.access$000 (MojoExecutor.java:75)
    at org.apache.maven.lifecycle.internal.MojoExecutor$1.run (MojoExecutor.java:162)
    at org.apache.maven.plugin.DefaultMojosExecutionStrategy.execute (DefaultMojosExecutionStrategy.java:39)
    at org.apache.maven.lifecycle.internal.MojoExecutor.execute (MojoExecutor.java:159)
    at org.apache.maven.lifecycle.internal.LifecycleModuleBuilder.buildProject (LifecycleModuleBuilder.java:105)
    at org.apache.maven.lifecycle.internal.LifecycleModuleBuilder.buildProject (LifecycleModuleBuilder.java:73)
    at org.apache.maven.lifecycle.internal.builder.singlethreaded.SingleThreadedBuilder.build (SingleThreadedBuilder.java:53)
    at org.apache.maven.lifecycle.internal.LifecycleStarter.execute (LifecycleStarter.java:118)
    at org.apache.maven.DefaultMaven.doExecute (DefaultMaven.java:261)
    at org.apache.maven.DefaultMaven.doExecute (DefaultMaven.java:173)
    at org.apache.maven.DefaultMaven.execute (DefaultMaven.java:101)
    at org.apache.maven.cli.MavenCli.execute (MavenCli.java:919)
    at org.apache.maven.cli.MavenCli.doMain (MavenCli.java:285)
    at org.apache.maven.cli.MavenCli.main (MavenCli.java:207)
    at jdk.internal.reflect.NativeMethodAccessorImpl.invoke0 (Native Method)
    at jdk.internal.reflect.NativeMethodAccessorImpl.invoke (NativeMethodAccessorImpl.java:77)
    at jdk.internal.reflect.DelegatingMethodAccessorImpl.invoke (DelegatingMethodAccessorImpl.java:43)
    at java.lang.reflect.Method.invoke (Method.java:569)
    at org.codehaus.plexus.classworlds.launcher.Launcher.launchEnhanced (Launcher.java:255)
    at org.codehaus.plexus.classworlds.launcher.Launcher.launch (Launcher.java:201)
    at org.codehaus.plexus.classworlds.launcher.Launcher.mainWithExitCode (Launcher.java:362)
    at org.codehaus.plexus.classworlds.launcher.Launcher.main (Launcher.java:314)
-------------------------------------------------------
 D E P C L E A N   A N A L Y S I S   R E S U L T S
-------------------------------------------------------
USED DIRECT DEPENDENCIES [10]: 
	com.h2database:h2:2.4.240:runtime (2 MB)
	com.mysql:mysql-connector-j:9.7.0:runtime (2 MB)
	org.postgresql:postgresql:42.7.11:runtime (1 MB)
	com.github.ben-manes.caffeine:caffeine:3.2.4:runtime (1005 KB)
	jakarta.xml.bind:jakarta.xml.bind-api:4.0.5:compile (128 KB)
	org.springframework.boot:spring-boot-testcontainers:4.1.0:test (75 KB)
	javax.cache:cache-api:1.1.1:compile (50 KB)
	org.testcontainers:testcontainers-junit-jupiter:2.0.5:test (14 KB)
	org.testcontainers:testcontainers-mysql:2.0.5:test (13 KB)
	org.webjars:webjars-locator-lite:1.1.3:runtime (8 KB)
USED TRANSITIVE DEPENDENCIES [106]: 
	org.testcontainers:testcontainers:2.0.5:test (16 MB)
	org.hibernate.orm:hibernate-core:7.4.1.Final:compile (14 MB)
	net.bytebuddy:byte-buddy:1.18.10:runtime (4 MB)
	org.apache.tomcat.embed:tomcat-embed-core:11.0.22:compile (3 MB)
	com.github.docker-java:docker-java-transport-zerodep:3.7.1:test (2 MB)
	org.springframework:spring-web:7.0.8:compile (2 MB)
	org.aspectj:aspectjweaver:1.9.25.1:compile (2 MB)
	org.springframework.data:spring-data-jpa:4.1.0:compile (2 MB)
	org.springframework:spring-core:7.0.8:compile (1 MB)
	net.java.dev.jna:jna:5.18.1:test (1 MB)
	tools.jackson.core:jackson-databind:3.1.4:compile (1 MB)
	org.springframework.data:spring-data-commons:4.1.0:compile (1 MB)
	org.hibernate.validator:hibernate-validator:9.1.0.Final:compile (1 MB)
	org.assertj:assertj-core:3.27.7:test (1 MB)
	org.springframework:spring-context:7.0.8:compile (1 MB)
	org.springframework.boot:spring-boot:4.1.0:compile (1 MB)
	org.apache.commons:commons-compress:1.28.0:test (1 MB)
	org.springframework:spring-test:7.0.8:test (1 MB)
	org.springframework:spring-webmvc:7.0.8:compile (1 MB)
	org.thymeleaf:thymeleaf:3.1.5.RELEASE:compile (923 KB)
	org.springframework:spring-beans:7.0.8:compile (906 KB)
	org.glassfish.jaxb:jaxb-runtime:4.0.9:runtime (900 KB)
	io.micrometer:micrometer-core:1.17.0:compile (893 KB)
	org.mockito:mockito-core:5.23.0:test (703 KB)
	org.apache.commons:commons-lang3:3.20.0:test (697 KB)
	ch.qos.logback:logback-core:1.5.34:compile (630 KB)
	tools.jackson.core:jackson-core:3.1.4:compile (584 KB)
	commons-io:commons-io:2.20.0:test (550 KB)
	com.github.docker-java:docker-java-api:3.7.1:test (488 KB)
	org.springframework:spring-jdbc:7.0.8:compile (469 KB)
	org.springframework:spring-aop:7.0.8:compile (416 KB)
	org.springframework.boot:spring-boot-autoconfigure:4.1.0:compile (364 KB)
	org.junit.jupiter:junit-jupiter-engine:6.0.3:test (347 KB)
	org.apache.logging.log4j:log4j-api:2.25.4:compile (342 KB)
	org.antlr:antlr4-runtime:4.13.2:compile (318 KB)
	org.springframework:spring-expression:7.0.8:compile (318 KB)
	org.junit.jupiter:junit-jupiter-params:6.0.3:test (289 KB)
	org.springframework:spring-tx:7.0.8:compile (285 KB)
	ch.qos.logback:logback-classic:1.5.34:compile (280 KB)
	org.apache.tomcat.embed:tomcat-embed-websocket:11.0.22:compile (279 KB)
	org.junit.platform:junit-platform-engine:6.0.3:test (273 KB)
	com.jayway.jsonpath:json-path:2.10.0:test (272 KB)
	org.apache.tomcat.embed:tomcat-embed-el:11.0.22:compile (263 KB)
	net.bytebuddy:byte-buddy-agent:1.18.10:test (261 KB)
	org.junit.jupiter:junit-jupiter-api:6.0.3:test (244 KB)
	org.springframework:spring-orm:7.0.8:compile (220 KB)
	org.hibernate.models:hibernate-models:1.1.1:runtime (217 KB)
	org.springframework.boot:spring-boot-test:4.1.0:test (205 KB)
	org.springframework.boot:spring-boot-jdbc:4.1.0:compile (199 KB)
	jakarta.persistence:jakarta.persistence-api:3.2.0:compile (191 KB)
	org.xmlunit:xmlunit-core:2.11.0:test (173 KB)
	org.springframework:spring-context-support:7.0.8:compile (173 KB)
	org.springframework.boot:spring-boot-webmvc:4.1.0:compile (171 KB)
	com.zaxxer:HikariCP:7.0.2:compile (168 KB)
	org.junit.platform:junit-platform-commons:6.0.3:test (167 KB)
	org.springframework.boot:spring-boot-http-client:4.1.0:test (139 KB)
	org.glassfish.jaxb:jaxb-core:4.0.9:runtime (136 KB)
	org.hamcrest:hamcrest:3.0:test (123 KB)
	org.ow2.asm:asm:9.7.1:test (123 KB)
	net.minidev:json-smart:2.6.0:test (119 KB)
	jakarta.validation:jakarta.validation-api:3.1.1:compile (103 KB)
	io.micrometer:micrometer-observation:1.17.0:compile (82 KB)
	org.springframework.boot:spring-boot-cache:4.1.0:compile (80 KB)
	com.fasterxml.jackson.core:jackson-annotations:2.21:compile (80 KB)
	org.springframework.boot:spring-boot-jackson:4.1.0:compile (80 KB)
	commons-logging:commons-logging:1.3.6:compile (72 KB)
	org.glassfish.jaxb:txw2:4.0.9:runtime (71 KB)
	org.slf4j:slf4j-api:2.0.18:compile (68 KB)
	com.fasterxml:classmate:1.7.3:compile (66 KB)
	jakarta.activation:jakarta.activation-api:2.1.4:compile (65 KB)
	org.jboss.logging:jboss-logging:3.6.3.Final:compile (61 KB)
	io.micrometer:micrometer-commons:1.17.0:compile (50 KB)
	org.springframework:spring-aspects:7.0.8:compile (48 KB)
	org.objenesis:objenesis:3.3:test (48 KB)
	org.springframework.boot:spring-boot-webmvc-test:4.1.0:test (44 KB)
	org.springframework.boot:spring-boot-restclient:4.1.0:test (43 KB)
	com.github.docker-java:docker-java-transport:3.7.1:test (37 KB)
	org.springframework.boot:spring-boot-sql:4.1.0:compile (35 KB)
	org.springframework.boot:spring-boot-resttestclient:4.1.0:test (32 KB)
	org.skyscreamer:jsonassert:1.5.3:test (30 KB)
	net.minidev:accessors-smart:2.6.0:test (29 KB)
	org.testcontainers:testcontainers-jdbc:2.0.5:test (29 KB)
	org.springframework.boot:spring-boot-jpa:4.1.0:compile (29 KB)
	jakarta.transaction:jakarta.transaction-api:2.0.1:compile (27 KB)
	org.springframework.boot:spring-boot-hibernate:4.1.0:compile (27 KB)
	org.springframework.boot:spring-boot-test-autoconfigure:4.1.0:test (27 KB)
	org.eclipse.angus:angus-activation:2.0.3:runtime (26 KB)
	jakarta.annotation:jakarta.annotation-api:3.0.0:compile (25 KB)
	com.sun.istack:istack-commons-runtime:4.1.2:runtime (25 KB)
	org.rnorth.duct-tape:duct-tape:1.0.8:test (24 KB)
	org.apache.logging.log4j:log4j-to-slf4j:2.25.4:compile (23 KB)
	org.springframework.boot:spring-boot-jdbc-test:4.1.0:test (20 KB)
	org.springframework.boot:spring-boot-transaction:4.1.0:compile (20 KB)
	com.google.errorprone:error_prone_annotations:2.49.0:runtime (19 KB)
	org.jetbrains:annotations:17.0.0:test (18 KB)
	com.vaadin.external.google:android-json:0.0.20131108.vaadin1:test (17 KB)
	org.springframework.boot:spring-boot-persistence:4.1.0:compile (15 KB)
	org.testcontainers:testcontainers-database-commons:2.0.5:test (14 KB)
	org.opentest4j:opentest4j:1.3.0:test (13 KB)
	org.springframework.boot:spring-boot-jpa-test:4.1.0:test (10 KB)
	jakarta.inject:jakarta.inject-api:2.0.1:runtime (10 KB)
	org.springframework.boot:spring-boot-data-jpa-test:4.1.0:test (9 KB)
	org.mockito:mockito-junit-jupiter:5.23.0:test (9 KB)
	org.apiguardian:apiguardian-api:1.1.2:test (6 KB)
	org.junit.jupiter:junit-jupiter:6.0.3:test (6 KB)
	org.jspecify:jspecify:1.0.0:compile (3 KB)
USED INHERITED DIRECT DEPENDENCIES [0]: 
USED INHERITED TRANSITIVE DEPENDENCIES [0]: 
POTENTIALLY UNUSED DIRECT DEPENDENCIES [18]: 
	org.webjars.npm:bootstrap:5.3.8:runtime (1 MB)
	org.webjars.npm:font-awesome:4.7.0:runtime (665 KB)
	org.springframework.boot:spring-boot-devtools:4.1.0:compile (210 KB)
	org.springframework.boot:spring-boot-docker-compose:4.1.0:test (125 KB)
	org.springframework.boot:spring-boot-starter-actuator-test:4.1.0:test (4 KB)
	org.springframework.boot:spring-boot-starter-actuator:4.1.0:compile (4 KB)
	org.springframework.boot:spring-boot-starter-restclient-test:4.1.0:test (4 KB)
	org.springframework.boot:spring-boot-starter-restclient:4.1.0:test (4 KB)
	org.springframework.boot:spring-boot-starter-validation-test:4.1.0:test (4 KB)
	org.springframework.boot:spring-boot-starter-validation:4.1.0:compile (4 KB)
	org.springframework.boot:spring-boot-starter-data-jpa-test:4.1.0:test (4 KB)
	org.springframework.boot:spring-boot-starter-data-jpa:4.1.0:compile (4 KB)
	org.springframework.boot:spring-boot-starter-webmvc-test:4.1.0:test (4 KB)
	org.springframework.boot:spring-boot-starter-cache-test:4.1.0:test (4 KB)
	org.springframework.boot:spring-boot-starter-cache:4.1.0:compile (4 KB)
	org.springframework.boot:spring-boot-starter-webmvc:4.1.0:compile (4 KB)
	org.springframework.boot:spring-boot-starter-thymeleaf-test:4.1.0:test (4 KB)
	org.springframework.boot:spring-boot-starter-thymeleaf:4.1.0:compile (4 KB)
POTENTIALLY UNUSED TRANSITIVE DEPENDENCIES [37]: 
	commons-codec:commons-codec:1.21.0:test (393 KB)
	org.springframework.boot:spring-boot-actuator:4.1.0:compile (348 KB)
	org.yaml:snakeyaml:2.6:compile (332 KB)
	org.springframework.boot:spring-boot-micrometer-metrics:4.1.0:compile (242 KB)
	org.attoparser:attoparser:2.0.7.RELEASE:compile (240 KB)
	org.thymeleaf:thymeleaf-spring6:3.1.5.RELEASE:compile (190 KB)
	org.hdrhistogram:HdrHistogram:2.2.2:runtime (173 KB)
	org.unbescape:unbescape:1.1.6.RELEASE:compile (169 KB)
	org.springframework.boot:spring-boot-web-server:4.1.0:compile (167 KB)
	org.springframework.boot:spring-boot-health:4.1.0:compile (151 KB)
	org.springframework.boot:spring-boot-actuator-autoconfigure:4.1.0:compile (137 KB)
	org.springframework.boot:spring-boot-tomcat:4.1.0:compile (122 KB)
	org.awaitility:awaitility:4.3.0:test (95 KB)
	io.micrometer:micrometer-observation-test:1.17.0:test (67 KB)
	io.micrometer:micrometer-jakarta9:1.17.0:compile (53 KB)
	org.springframework.boot:spring-boot-http-converter:4.1.0:compile (53 KB)
	org.springframework.boot:spring-boot-servlet:4.1.0:compile (45 KB)
	org.springframework.boot:spring-boot-thymeleaf:4.1.0:compile (29 KB)
	org.springframework.boot:spring-boot-data-commons:4.1.0:compile (29 KB)
	org.springframework.boot:spring-boot-micrometer-observation:4.1.0:compile (28 KB)
	org.springframework.boot:spring-boot-restclient-test:4.1.0:test (24 KB)
	org.springframework.boot:spring-boot-validation:4.1.0:compile (14 KB)
	org.springframework.boot:spring-boot-data-jpa:4.1.0:compile (13 KB)
	org.springframework.boot:spring-boot-micrometer-metrics-test:4.1.0:test (10 KB)
	org.springframework.boot:spring-boot-cache-test:4.1.0:test (7 KB)
	org.slf4j:jul-to-slf4j:2.0.18:compile (6 KB)
	org.springframework.boot:spring-boot-starter-test:4.1.0:test (4 KB)
	org.springframework.boot:spring-boot-starter-jdbc-test:4.1.0:test (4 KB)
	org.springframework.boot:spring-boot-starter-jdbc:4.1.0:compile (4 KB)
	org.springframework.boot:spring-boot-starter:4.1.0:compile (4 KB)
	org.springframework.boot:spring-boot-starter-tomcat:4.1.0:compile (4 KB)
	org.springframework.boot:spring-boot-starter-micrometer-metrics-test:4.1.0:test (4 KB)
	org.springframework.boot:spring-boot-starter-micrometer-metrics:4.1.0:compile (4 KB)
	org.springframework.boot:spring-boot-starter-tomcat-runtime:4.1.0:compile (4 KB)
	org.springframework.boot:spring-boot-starter-jackson-test:4.1.0:test (4 KB)
	org.springframework.boot:spring-boot-starter-logging:4.1.0:compile (4 KB)
	org.springframework.boot:spring-boot-starter-jackson:4.1.0:compile (4 KB)
POTENTIALLY UNUSED INHERITED DIRECT DEPENDENCIES [0]: 
POTENTIALLY UNUSED INHERITED TRANSITIVE DEPENDENCIES [0]: 
Creating depclean-results.json, please wait...
[INFO] depclean-results.json file created in: /workspaces/maven-slimming-experiment/work/petclinic/target/depclean-results.json
[INFO] Analysis done in 0min 31s
[INFO] ------------------------------------------------------------------------
[INFO] BUILD SUCCESS
[INFO] ------------------------------------------------------------------------
[INFO] Total time:  35.499 s
[INFO] Finished at: 2026-10-03T22:57:21Z
[INFO] ------------------------------------------------------------------------
