[INFO] Scanning for projects...
[INFO] 
[INFO] ------------< org.springframework.samples:spring-petclinic >------------
[INFO] Building petclinic 4.0.0-SNAPSHOT
[INFO]   from pom.xml
[INFO] --------------------------------[ jar ]---------------------------------
[INFO] 
[INFO] >>> spring-boot:4.1.0:build-image (default-cli) > package @ spring-petclinic >>>
[INFO] 
[INFO] --- enforcer:3.6.3:enforce (enforce-java) @ spring-petclinic ---
[INFO] Rule 0: org.apache.maven.enforcer.rules.version.RequireJavaVersion passed
[INFO] 
[INFO] --- spring-javaformat:0.0.47:validate (default) @ spring-petclinic ---
[INFO] 
[INFO] --- checkstyle:3.6.0:check (nohttp-checkstyle-validation) @ spring-petclinic ---
[INFO] You have 0 Checkstyle violations.
[INFO] 
[INFO] --- jacoco:0.8.15:prepare-agent (default) @ spring-petclinic ---
[INFO] argLine set to -javaagent:/tmp/mse-cache/m2/repository/org/jacoco/org.jacoco.agent/0.8.15/org.jacoco.agent-0.8.15-runtime.jar=destfile=/workspaces/maven-slimming-experiment/work/petclinic/target/jacoco.exec
[INFO] 
[INFO] --- git-commit-id:9.2.0:revision (default) @ spring-petclinic ---
[INFO] dotGitDirectory '/workspaces/maven-slimming-experiment/work/petclinic/.git'
[INFO] Collected git.build.user.name with value srajsava-cpu
[INFO] Collected git.build.user.email with value sraj.sava@gmail.com
[INFO] Collected git.branch with value 500158f732419217507c7656904b8e6aa1bcc0d6
[INFO] Collected git.commit.id.describe with value 500158f
[INFO] Collected git.commit.id.describe-short with value 500158f
[INFO] Collected git.commit.id with value 500158f732419217507c7656904b8e6aa1bcc0d6
[INFO] Collected git.commit.id.abbrev with value 500158f
[INFO] Collected git.dirty with value false
[INFO] Collected git.commit.user.name with value Pedro Arthur Hartmann
[INFO] Collected git.commit.user.email with value pedroaphartmann@gmail.com
[INFO] Collected git.commit.message.full with value added redirection to the page when the user types a page that is out of bounds

Signed-off-by: Pedro Arthur Hartmann <pedroaphartmann@gmail.com>
[INFO] Collected git.commit.message.short with value added redirection to the page when the user types a page that is out of bounds
[INFO] Collected git.commit.time with value 2026-09-29T15:37:54Z
[INFO] Collected git.commit.author.time with value 2026-09-29T14:36:27Z
[INFO] Collected git.commit.committer.time with value 2026-09-29T15:37:54Z
[INFO] Collected git.remote.origin.url with value https://github.com/spring-projects/spring-petclinic.git
[INFO] Collected git.tags with value 
[INFO] Collected git.tag with value 
[INFO] Collected git.closest.tag.name with value 
[INFO] Collected git.closest.tag.commit.count with value 
[INFO] Collected git.total.commit.count with value 1047
[INFO] Collected git.local.branch.ahead with value NO_REMOTE
[INFO] Collected git.local.branch.behind with value NO_REMOTE
[INFO] Collected git.build.time with value 2024-11-28T14:37:52Z
[INFO] Collected git.build.version with value 4.0.0-SNAPSHOT
[INFO] Collected git.build.host with value codespaces-802a35
[INFO] including property 'git.tags' in results
[INFO] including property 'git.build.version' in results
[INFO] including property 'git.branch' in results
[INFO] including property 'git.build.host' in results
[INFO] including property 'git.commit.id' in results
[INFO] including property 'git.commit.user.email' in results
[INFO] including property 'git.local.branch.behind' in results
[INFO] including property 'git.commit.author.time' in results
[INFO] including property 'git.build.user.name' in results
[INFO] including property 'git.dirty' in results
[INFO] including property 'git.closest.tag.commit.count' in results
[INFO] including property 'git.commit.user.name' in results
[INFO] including property 'git.commit.id.abbrev' in results
[INFO] including property 'git.commit.id.describe-short' in results
[INFO] including property 'git.total.commit.count' in results
[INFO] including property 'git.commit.id.describe' in results
[INFO] including property 'git.build.user.email' in results
[INFO] including property 'git.commit.message.short' in results
[INFO] including property 'git.commit.committer.time' in results
[INFO] including property 'git.tag' in results
[INFO] including property 'git.closest.tag.name' in results
[INFO] including property 'git.local.branch.ahead' in results
[INFO] including property 'git.commit.time' in results
[INFO] including property 'git.build.time' in results
[INFO] including property 'git.commit.message.full' in results
[INFO] including property 'git.remote.origin.url' in results
[INFO] Reading existing properties file [/workspaces/maven-slimming-experiment/work/petclinic/target/classes/git.properties] (for project petclinic)...
[INFO] Properties file [/workspaces/maven-slimming-experiment/work/petclinic/target/classes/git.properties] is up-to-date (for module petclinic)...
[INFO] 
[INFO] --- spring-boot:4.1.0:build-info (default) @ spring-petclinic ---
[INFO] 
[INFO] --- cyclonedx:2.9.1:makeAggregateBom (default) @ spring-petclinic ---
[INFO] CycloneDX: Resolving Dependencies
[INFO] CycloneDX: Creating BOM version 1.6 with 106 component(s)
[INFO] CycloneDX: Writing and validating BOM (JSON): /workspaces/maven-slimming-experiment/work/petclinic/target/classes/META-INF/sbom/application.cdx.json
[WARNING] Unknown keyword meta:enum - you should define your own Meta Schema. If the keyword is irrelevant for validation, just use a NonValidationKeyword or if it should generate annotations AnnotationKeyword
[WARNING] Unknown keyword deprecated - you should define your own Meta Schema. If the keyword is irrelevant for validation, just use a NonValidationKeyword or if it should generate annotations AnnotationKeyword
[INFO]            attaching as spring-petclinic-4.0.0-SNAPSHOT-cyclonedx.json
[INFO] 
[INFO] --- resources:3.5.0:resources (default-resources) @ spring-petclinic ---
[INFO] Copying 3 resources from src/main/resources to target/classes
[INFO] Copying 47 resources from src/main/resources to target/classes
[INFO] 
[INFO] --- compiler:3.15.0:compile (default-compile) @ spring-petclinic ---
[INFO] Nothing to compile - all classes are up to date.
[INFO] 
[INFO] --- resources:3.5.0:testResources (default-testResources) @ spring-petclinic ---
[INFO] skip non existing resourceDirectory /workspaces/maven-slimming-experiment/work/petclinic/src/test/resources
[INFO] 
[INFO] --- compiler:3.15.0:testCompile (default-testCompile) @ spring-petclinic ---
[INFO] Nothing to compile - all classes are up to date.
[INFO] 
[INFO] --- surefire:3.5.6:test (default-test) @ spring-petclinic ---
[WARNING]  Parameter 'systemProperties' is deprecated: use systemPropertyVariables instead
[INFO] Tests are skipped.
[INFO] 
[INFO] --- jacoco:0.8.15:report (report) @ spring-petclinic ---
[INFO] Skipping JaCoCo execution due to missing execution data file.
[INFO] 
[INFO] --- jar:3.5.0:jar (default-jar) @ spring-petclinic ---
[INFO] Building jar: /workspaces/maven-slimming-experiment/work/petclinic/target/spring-petclinic-4.0.0-SNAPSHOT.jar
[INFO] 
[INFO] --- spring-boot:4.1.0:repackage (repackage) @ spring-petclinic ---
[INFO] Replacing main artifact /workspaces/maven-slimming-experiment/work/petclinic/target/spring-petclinic-4.0.0-SNAPSHOT.jar with repackaged archive, adding nested dependencies in BOOT-INF/.
[INFO] The original artifact has been renamed to /workspaces/maven-slimming-experiment/work/petclinic/target/spring-petclinic-4.0.0-SNAPSHOT.jar.original
[INFO] 
[INFO] <<< spring-boot:4.1.0:build-image (default-cli) < package @ spring-petclinic <<<
[INFO] 
[INFO] 
[INFO] --- spring-boot:4.1.0:build-image (default-cli) @ spring-petclinic ---
[INFO] Building image 'docker.io/library/spring-petclinic:4.0.0-SNAPSHOT'
[INFO] 
[INFO]  > Pulling builder image 'docker.io/paketobuildpacks/builder-noble-java-tiny:latest' 100%
[INFO]  > Pulled builder image 'paketobuildpacks/builder-noble-java-tiny@sha256:b95da27fce97b58037f0c11ae934760c50730da4c9a24976205b53638592eba9'
[INFO]  > Pulling run image 'docker.io/paketobuildpacks/ubuntu-noble-run-tiny:0.0.138' for platform 'linux/amd64' 100%
[INFO]  > Pulled run image 'paketobuildpacks/ubuntu-noble-run-tiny@sha256:b1a26d91357134faa5a7f118f4e68a8c4c3278230660e8a49c924e92af6a905a'
[INFO]  > Executing lifecycle version v0.21.22
[INFO]  > Using build cache volume 'pack-cache-fa82c816e0b1.build'
[INFO] 
[INFO]  > Running creator
[INFO]     [creator]     ===> ANALYZING
[INFO]     [creator]     Image with name "docker.io/library/spring-petclinic:4.0.0-SNAPSHOT" not found
[INFO]     [creator]     ===> DETECTING
[INFO]     [creator]     target distro name/version labels not found, reading /etc/os-release file
[INFO]     [creator]     6 of 26 buildpacks participating
[INFO]     [creator]     paketo-buildpacks/ca-certificates   3.13.0
[INFO]     [creator]     paketo-buildpacks/bellsoft-liberica 11.9.0
[INFO]     [creator]     paketo-buildpacks/syft              2.41.0
[INFO]     [creator]     paketo-buildpacks/executable-jar    6.16.0
[INFO]     [creator]     paketo-buildpacks/dist-zip          5.13.0
[INFO]     [creator]     paketo-buildpacks/spring-boot       5.37.0
[INFO]     [creator]     ===> RESTORING
[INFO]     [creator]     ===> BUILDING
[INFO]     [creator]     target distro name/version labels not found, reading /etc/os-release file
[INFO]     [creator]     
[INFO]     [creator]     Paketo Buildpack for CA Certificates 3.13.0
[INFO]     [creator]       https://github.com/paketo-buildpacks/ca-certificates
[INFO]     [creator]       Build Configuration:
[INFO]     [creator]         $BP_EMBED_CERTS                    false  Embed certificates into the image
[INFO]     [creator]         $BP_ENABLE_RUNTIME_CERT_BINDING    true   Deprecated: Enable/disable certificate helper layer to add certs at runtime
[INFO]     [creator]         $BP_RUNTIME_CERT_BINDING_DISABLED  false  Disable certificate helper layer to add certs at runtime
[INFO]     [creator]       Launch Helper: Contributing to layer
[INFO]     [creator]         Creating /layers/paketo-buildpacks_ca-certificates/helper/exec.d/ca-certificates-helper
[INFO]     [creator]     
[INFO]     [creator]     Paketo Buildpack for BellSoft Liberica 11.9.0
[INFO]     [creator]       https://github.com/paketo-buildpacks/bellsoft-liberica
[INFO]     [creator]       Build Configuration:
[INFO]     [creator]         $BP_JVM_JLINK_ARGS           --no-man-pages --no-header-files --strip-debug --compress=1  configure custom link arguments (--output must be omitted)
[INFO]     [creator]         $BP_JVM_JLINK_ENABLED        false                                                        enables running jlink tool to generate custom JRE
[INFO]     [creator]         $BP_JVM_TYPE                 JRE                                                          the JVM type - JDK or JRE
[INFO]     [creator]         $BP_JVM_VERSION              21                                                           the Java version
[INFO]     [creator]       Launch Configuration:
[INFO]     [creator]         $BPL_DEBUG_ENABLED           false                                                        enables Java remote debugging support
[INFO]     [creator]         $BPL_DEBUG_PORT              8000                                                         configure the remote debugging port
[INFO]     [creator]         $BPL_DEBUG_SUSPEND           false                                                        configure whether to suspend execution until a debugger has attached
[INFO]     [creator]         $BPL_HEAP_DUMP_PATH                                                                       write heap dumps on error to this path
[INFO]     [creator]         $BPL_JAVA_NMT_ENABLED        true                                                         enables Java Native Memory Tracking (NMT)
[INFO]     [creator]         $BPL_JAVA_NMT_LEVEL          summary                                                      configure level of NMT, summary or detail
[INFO]     [creator]         $BPL_JFR_ARGS                                                                             configure custom Java Flight Recording (JFR) arguments
[INFO]     [creator]         $BPL_JFR_ENABLED             false                                                        enables Java Flight Recording (JFR)
[INFO]     [creator]         $BPL_JMX_ENABLED             false                                                        enables Java Management Extensions (JMX)
[INFO]     [creator]         $BPL_JMX_PORT                5000                                                         configure the JMX port
[INFO]     [creator]         $BPL_JVM_HEAD_ROOM           0                                                            the headroom in memory calculation
[INFO]     [creator]         $BPL_JVM_LOADED_CLASS_COUNT  35% of classes                                               the number of loaded classes in memory calculation
[INFO]     [creator]         $BPL_JVM_THREAD_COUNT        250                                                          the number of threads in memory calculation
[INFO]     [creator]         $JAVA_TOOL_OPTIONS                                                                        the JVM launch flags
[INFO]     [creator]         Using Java version 17 extracted from MANIFEST.MF
[INFO]     [creator]       BellSoft Liberica JRE 17.0.20: Contributing to layer
[INFO]     [creator]         Downloading from https://github.com/bell-sw/Liberica/releases/download/17.0.20+10/bellsoft-jre17.0.20+10-linux-amd64.tar.gz
[INFO]     [creator]         Verifying checksum
[INFO]     [creator]         Expanding to /layers/paketo-buildpacks_bellsoft-liberica/jre
[INFO]     [creator]         Adding 121 container CA certificates to JVM truststore
[INFO]     [creator]         Writing env.launch/BPI_APPLICATION_PATH.default
[INFO]     [creator]         Writing env.launch/BPI_JVM_CACERTS.default
[INFO]     [creator]         Writing env.launch/BPI_JVM_CLASS_COUNT.default
[INFO]     [creator]         Writing env.launch/BPI_JVM_SECURITY_PROVIDERS.default
[INFO]     [creator]         Writing env.launch/JAVA_HOME.default
[INFO]     [creator]         Writing env.launch/JAVA_TOOL_OPTIONS.append
[INFO]     [creator]         Writing env.launch/JAVA_TOOL_OPTIONS.delim
[INFO]     [creator]         Writing env.launch/MALLOC_ARENA_MAX.default
[INFO]     [creator]       Launch Helper: Contributing to layer
[INFO]     [creator]         Creating /layers/paketo-buildpacks_bellsoft-liberica/helper/exec.d/java-opts
[INFO]     [creator]         Creating /layers/paketo-buildpacks_bellsoft-liberica/helper/exec.d/jvm-heap
[INFO]     [creator]         Creating /layers/paketo-buildpacks_bellsoft-liberica/helper/exec.d/link-local-dns
[INFO]     [creator]         Creating /layers/paketo-buildpacks_bellsoft-liberica/helper/exec.d/memory-calculator
[INFO]     [creator]         Creating /layers/paketo-buildpacks_bellsoft-liberica/helper/exec.d/security-providers-configurer
[INFO]     [creator]         Creating /layers/paketo-buildpacks_bellsoft-liberica/helper/exec.d/jmx
[INFO]     [creator]         Creating /layers/paketo-buildpacks_bellsoft-liberica/helper/exec.d/jfr
[INFO]     [creator]         Creating /layers/paketo-buildpacks_bellsoft-liberica/helper/exec.d/openssl-certificate-loader
[INFO]     [creator]         Creating /layers/paketo-buildpacks_bellsoft-liberica/helper/exec.d/security-providers-classpath-9
[INFO]     [creator]         Creating /layers/paketo-buildpacks_bellsoft-liberica/helper/exec.d/debug-9
[INFO]     [creator]         Creating /layers/paketo-buildpacks_bellsoft-liberica/helper/exec.d/nmt
[INFO]     [creator]       Java Security Properties: Contributing to layer
[INFO]     [creator]         Writing env.launch/JAVA_SECURITY_PROPERTIES.default
[INFO]     [creator]         Writing env.launch/JAVA_TOOL_OPTIONS.append
[INFO]     [creator]         Writing env.launch/JAVA_TOOL_OPTIONS.delim
[INFO]     [creator]     
[INFO]     [creator]     Paketo Buildpack for Syft 2.41.0
[INFO]     [creator]       https://github.com/paketo-buildpacks/syft
[INFO]     [creator]         Downloading from https://github.com/anchore/syft/releases/download/v1.51.1/syft_1.51.1_linux_amd64.tar.gz
[INFO]     [creator]         Verifying checksum
[INFO]     [creator]         Writing env.build/SYFT_CHECK_FOR_APP_UPDATE.default
[INFO]     [creator]     
[INFO]     [creator]     Paketo Buildpack for Executable JAR 6.16.0
[INFO]     [creator]       https://github.com/paketo-buildpacks/executable-jar
[INFO]     [creator]       Class Path: Contributing to layer
[INFO]     [creator]         Writing env/CLASSPATH.delim
[INFO]     [creator]         Writing env/CLASSPATH.prepend
[INFO]     [creator]       Process types:
[INFO]     [creator]         executable-jar: java org.springframework.boot.loader.launch.JarLauncher (direct)
[INFO]     [creator]         task:           java org.springframework.boot.loader.launch.JarLauncher (direct)
[INFO]     [creator]         web:            java org.springframework.boot.loader.launch.JarLauncher (direct)
[INFO]     [creator]     
[INFO]     [creator]     Paketo Buildpack for Spring Boot 5.37.0
[INFO]     [creator]       https://github.com/paketo-buildpacks/spring-boot
[INFO]     [creator]       Build Configuration:
[INFO]     [creator]         $BPL_JVM_AOTCACHE_ENABLED            false  whether to enable JVM AOT Cache optimizations at runtime
[INFO]     [creator]         $BPL_JVM_CDS_ENABLED                 false  whether to enable CDS optimizations at runtime
[INFO]     [creator]         $BPL_SPRING_AOT_ENABLED              false  whether to enable Spring AOT at runtime
[INFO]     [creator]         $BP_JVM_AOTCACHE_ENABLED             false  whether to enable JVM AOT Cache & perform JVM training run
[INFO]     [creator]         $BP_JVM_CDS_ENABLED                  false  whether to enable CDS & perform JVM training run
[INFO]     [creator]         $BP_SPRING_AOT_ENABLED               false  whether to enable Spring AOT
[INFO]     [creator]         $BP_SPRING_CLOUD_BINDINGS_DISABLED   false  whether to contribute Spring Boot cloud bindings support
[INFO]     [creator]         $BP_SPRING_CLOUD_BINDINGS_VERSION    1      default version of Spring Cloud Bindings library to contribute
[INFO]     [creator]         $BP_UNPACK_LAYOUT_ONLY               false  whether to unpack (-Djarmode=tools [...] extract) the Spring Boot archive and run it in extracted mode
[INFO]     [creator]       Launch Configuration:
[INFO]     [creator]         $BPL_SPRING_CLOUD_BINDINGS_DISABLED  false  whether to auto-configure Spring Boot environment properties from bindings
[INFO]     [creator]         $BPL_SPRING_CLOUD_BINDINGS_ENABLED   true   Deprecated - whether to auto-configure Spring Boot environment properties from bindings
[INFO]     [creator]       Creating slices from layers index
[INFO]     [creator]         dependencies (62.1 MB)
[INFO]     [creator]         spring-boot-loader (460.9 KB)
[INFO]     [creator]         snapshot-dependencies (0.0 B)
[INFO]     [creator]         application (1.5 MB)
[INFO]     [creator]       Spring Cloud Bindings 2.0.4: Contributing to layer
[INFO]     [creator]         Downloading from https://repo1.maven.org/maven2/org/springframework/cloud/spring-cloud-bindings/2.0.4/spring-cloud-bindings-2.0.4.jar
[INFO]     [creator]         Verifying checksum
[INFO]     [creator]         Copying to /layers/paketo-buildpacks_spring-boot/spring-cloud-bindings
[INFO]     [creator]       Web Application Type: Contributing to layer
[INFO]     [creator]         Servlet web application detected
[INFO]     [creator]         Writing env.launch/BPL_JVM_THREAD_COUNT.default
[INFO]     [creator]       Launch Helper: Contributing to layer
[INFO]     [creator]         Creating /layers/paketo-buildpacks_spring-boot/helper/exec.d/spring-cloud-bindings
[INFO]     [creator]       4 application slices
[INFO]     [creator]       Image labels:
[INFO]     [creator]         org.opencontainers.image.title
[INFO]     [creator]         org.opencontainers.image.version
[INFO]     [creator]         org.springframework.boot.version
[INFO]     [creator]     ===> EXPORTING
[INFO]     [creator]     Adding layer 'paketo-buildpacks/ca-certificates:helper'
[INFO]     [creator]     Adding layer 'paketo-buildpacks/bellsoft-liberica:helper'
[INFO]     [creator]     Adding layer 'paketo-buildpacks/bellsoft-liberica:java-security-properties'
[INFO]     [creator]     Adding layer 'paketo-buildpacks/bellsoft-liberica:jre'
[INFO]     [creator]     Adding layer 'paketo-buildpacks/executable-jar:classpath'
[INFO]     [creator]     Adding layer 'paketo-buildpacks/spring-boot:helper'
[INFO]     [creator]     Adding layer 'paketo-buildpacks/spring-boot:spring-cloud-bindings'
[INFO]     [creator]     Adding layer 'paketo-buildpacks/spring-boot:web-application-type'
[INFO]     [creator]     Adding layer 'buildpacksio/lifecycle:launch.sbom'
[INFO]     [creator]     Added 5/5 app layer(s)
[INFO]     [creator]     Adding layer 'buildpacksio/lifecycle:launcher'
[INFO]     [creator]     Adding layer 'buildpacksio/lifecycle:config'
[INFO]     [creator]     Adding layer 'buildpacksio/lifecycle:process-types'
[INFO]     [creator]     Adding label 'io.buildpacks.lifecycle.metadata'
[INFO]     [creator]     Adding label 'io.buildpacks.build.metadata'
[INFO]     [creator]     Adding label 'io.buildpacks.project.metadata'
[INFO]     [creator]     Adding label 'org.opencontainers.image.title'
[INFO]     [creator]     Adding label 'org.opencontainers.image.version'
[INFO]     [creator]     Adding label 'org.springframework.boot.version'
[INFO]     [creator]     Setting default process type 'web'
[INFO]     [creator]     Saving docker.io/library/spring-petclinic:4.0.0-SNAPSHOT...
[INFO]     [creator]     *** Images (0af2555018b7):
[INFO]     [creator]           docker.io/library/spring-petclinic:4.0.0-SNAPSHOT
[INFO]     [creator]     Adding cache layer 'paketo-buildpacks/syft:syft'
[INFO]     [creator]     Adding cache layer 'paketo-buildpacks/spring-boot:spring-cloud-bindings'
[INFO]     [creator]     Adding cache layer 'buildpacksio/lifecycle:cache.sbom'
[INFO] 
[INFO] Successfully built image 'docker.io/library/spring-petclinic:4.0.0-SNAPSHOT'
[INFO] 
[INFO] ------------------------------------------------------------------------
[INFO] BUILD SUCCESS
[INFO] ------------------------------------------------------------------------
[INFO] Total time:  01:30 min
[INFO] Finished at: 2026-10-03T22:55:53Z
[INFO] ------------------------------------------------------------------------
