A02-starter-actuator REJECTED (reverted)
{'verify_exit': 0, 'tests_run': 81, 'failures': 0, 'errors': 0, 'skipped': 0, 'same_tests_as_baseline': True, 'artifact_bytes': 63746291, 'artifact_delta_vs_baseline': -2085034, 'lib_count': 85, 'resolved_total': 170, 'checklist': 'FAIL', 'libs_removed_vs_baseline': ['HdrHistogram-2.2.2.jar', 'micrometer-core-1.17.0.jar', 'micrometer-jakarta9-1.17.0.jar', 'spring-boot-actuator-4.1.0.jar', 'spring-boot-actuator-autoconfigure-4.1.0.jar', 'spring-boot-health-4.1.0.jar', 'spring-boot-micrometer-metrics-4.1.0.jar', 'spring-boot-micrometer-observation-4.1.0.jar']}
  DIFF home: missing in candidate
  DIFF home-de: missing in candidate
  DIFF home-es: missing in candidate
  DIFF find: missing in candidate
  DIFF list-all: missing in candidate
  DIFF list-p2: missing in candidate
  DIFF list-davis: missing in candidate
  DIFF search-one: missing in candidate
  DIFF search-none: missing in candidate
  DIFF owner1: missing in candidate
  DIFF owner-missing: missing in candidate
  DIFF owner-edit-form: missing in candidate
A03-starter-cache REJECTED (reverted)
{'verify_exit': 1, 'tests_run': 0, 'failures': 0, 'errors': 0, 'skipped': 0, 'same_tests_as_baseline': False, 'artifact_bytes': None, 'artifact_delta_vs_baseline': None, 'lib_count': None, 'resolved_total': 170, 'checklist': 'skipped', 'libs_removed_vs_baseline': None}
[ERROR] COMPILATION ERROR : 
[ERROR] /workspaces/maven-slimming-experiment/work/petclinic/src/main/java/org/springframework/samples/petclinic/system/CacheConfiguration.java:[19,52] package org.springframework.boot.cache.autoconfigure does not exist
[ERROR] /workspaces/maven-slimming-experiment/work/petclinic/src/main/java/org/springframework/samples/petclinic/system/CacheConfiguration.java:[36,16] cannot find symbol
[ERROR] /workspaces/maven-slimming-experiment/work/petclinic/src/main/java/org/springframework/samples/petclinic/system/CacheConfiguration.java:[19,52] package org.springframework.boot.cache.autoconfigure does not exist
[ERROR] /workspaces/maven-slimming-experiment/work/petclinic/src/main/java/org/springframework/samples/petclinic/system/CacheConfiguration.java:[36,16] cannot find symbol
[ERROR]   symbol:   class JCacheManagerCustomizer
[ERROR]   location: class org.springframework.samples.petclinic.system.CacheConfiguration
A04-starter-data-jpa REJECTED (reverted)
{'verify_exit': 1, 'tests_run': 0, 'failures': 0, 'errors': 0, 'skipped': 0, 'same_tests_as_baseline': False, 'artifact_bytes': None, 'artifact_delta_vs_baseline': None, 'lib_count': None, 'resolved_total': 170, 'checklist': 'skipped', 'libs_removed_vs_baseline': None}
[ERROR] COMPILATION ERROR : 
[ERROR] /workspaces/maven-slimming-experiment/work/petclinic/src/main/java/org/springframework/samples/petclinic/model/BaseEntity.java:[20,27] package jakarta.persistence does not exist
[ERROR] /workspaces/maven-slimming-experiment/work/petclinic/src/main/java/org/springframework/samples/petclinic/model/BaseEntity.java:[21,27] package jakarta.persistence does not exist
[ERROR] /workspaces/maven-slimming-experiment/work/petclinic/src/main/java/org/springframework/samples/petclinic/model/BaseEntity.java:[22,27] package jakarta.persistence does not exist
[ERROR] /workspaces/maven-slimming-experiment/work/petclinic/src/main/java/org/springframework/samples/petclinic/model/BaseEntity.java:[23,27] package jakarta.persistence does not exist
[ERROR] /workspaces/maven-slimming-experiment/work/petclinic/src/main/java/org/springframework/samples/petclinic/model/BaseEntity.java:[32,2] cannot find symbol
[ERROR] /workspaces/maven-slimming-experiment/work/petclinic/src/main/java/org/springframework/samples/petclinic/model/NamedEntity.java:[18,27] package jakarta.persistence does not exist
[ERROR] /workspaces/maven-slimming-experiment/work/petclinic/src/main/java/org/springframework/samples/petclinic/model/NamedEntity.java:[19,27] package jakarta.persistence does not exist
A05-starter-thymeleaf REJECTED (reverted)
{'verify_exit': 0, 'tests_run': 81, 'failures': 0, 'errors': 0, 'skipped': 0, 'same_tests_as_baseline': True, 'artifact_bytes': 64235218, 'artifact_delta_vs_baseline': -1596107, 'lib_count': 88, 'resolved_total': 170, 'checklist': 'FAIL', 'libs_removed_vs_baseline': ['attoparser-2.0.7.RELEASE.jar', 'spring-boot-thymeleaf-4.1.0.jar', 'thymeleaf-3.1.5.RELEASE.jar', 'thymeleaf-spring6-3.1.5.RELEASE.jar', 'unbescape-1.1.6.RELEASE.jar']}
  DIFF home [status]: baseline=200 candidate=404
  DIFF home [signature]: baseline='title=PetClinic :: a Spring Framework demonstration; h2=Welcome; rows=0; Welcome=y,pets.png=y' candidate='title=None; h2=None; rows=0; Welcome=n,pets.png=n'
  DIFF home-de [status]: baseline=200 candidate=404
  DIFF home-de [signature]: baseline='Willkommen=y' candidate='Willkommen=n'
  DIFF home-es [status]: baseline=200 candidate=404
  DIFF home-es [signature]: baseline='Bienvenido=y' candidate='Bienvenido=n'
  DIFF find [status]: baseline=200 candidate=404
  DIFF find [signature]: baseline='title=PetClinic :: a Spring Framework demonstration; h2=Find Owners; rows=0' candidate='title=None; h2=None; rows=0'
  DIFF list-all [status]: baseline=200 candidate=400
  DIFF list-all [signature]: baseline='title=PetClinic :: a Spring Framework demonstration; h2=Owners; rows=5' candidate='title=None; h2=None; rows=0'
  DIFF list-p2 [status]: baseline=200 candidate=400
  DIFF list-p2 [signature]: baseline='title=PetClinic :: a Spring Framework demonstration; h2=Owners; rows=5' candidate='title=None; h2=None; rows=0'
A06-starter-validation REJECTED (reverted)
{'verify_exit': 1, 'tests_run': 0, 'failures': 0, 'errors': 0, 'skipped': 0, 'same_tests_as_baseline': False, 'artifact_bytes': None, 'artifact_delta_vs_baseline': None, 'lib_count': None, 'resolved_total': 170, 'checklist': 'skipped', 'libs_removed_vs_baseline': None}
[ERROR] COMPILATION ERROR : 
[ERROR] /workspaces/maven-slimming-experiment/work/petclinic/src/main/java/org/springframework/samples/petclinic/model/NamedEntity.java:[20,38] package jakarta.validation.constraints does not exist
[ERROR] /workspaces/maven-slimming-experiment/work/petclinic/src/main/java/org/springframework/samples/petclinic/model/Person.java:[20,38] package jakarta.validation.constraints does not exist
[ERROR] /workspaces/maven-slimming-experiment/work/petclinic/src/main/java/org/springframework/samples/petclinic/model/Person.java:[21,38] package jakarta.validation.constraints does not exist
[ERROR] /workspaces/maven-slimming-experiment/work/petclinic/src/main/java/org/springframework/samples/petclinic/owner/Owner.java:[34,38] package jakarta.validation.constraints does not exist
[ERROR] /workspaces/maven-slimming-experiment/work/petclinic/src/main/java/org/springframework/samples/petclinic/owner/Owner.java:[35,38] package jakarta.validation.constraints does not exist
[ERROR] /workspaces/maven-slimming-experiment/work/petclinic/src/main/java/org/springframework/samples/petclinic/owner/Owner.java:[36,38] package jakarta.validation.constraints does not exist
[ERROR] /workspaces/maven-slimming-experiment/work/petclinic/src/main/java/org/springframework/samples/petclinic/owner/Visit.java:[26,38] package jakarta.validation.constraints does not exist
A07-starter-webmvc REJECTED (reverted)
{'verify_exit': 1, 'tests_run': 0, 'failures': 0, 'errors': 0, 'skipped': 0, 'same_tests_as_baseline': False, 'artifact_bytes': None, 'artifact_delta_vs_baseline': None, 'lib_count': None, 'resolved_total': 170, 'checklist': 'skipped', 'libs_removed_vs_baseline': None}
[ERROR] COMPILATION ERROR : 
[ERROR] /workspaces/maven-slimming-experiment/work/petclinic/src/main/java/org/springframework/samples/petclinic/owner/OwnerController.java:[35,39] package org.springframework.web.servlet does not exist
[ERROR] /workspaces/maven-slimming-experiment/work/petclinic/src/main/java/org/springframework/samples/petclinic/owner/OwnerController.java:[39,51] package org.springframework.web.servlet.mvc.support does not exist
[ERROR] /workspaces/maven-slimming-experiment/work/petclinic/src/main/java/org/springframework/samples/petclinic/owner/OwnerController.java:[78,85] cannot find symbol
[ERROR] /workspaces/maven-slimming-experiment/work/petclinic/src/main/java/org/springframework/samples/petclinic/owner/OwnerController.java:[96,38] cannot find symbol
[ERROR] /workspaces/maven-slimming-experiment/work/petclinic/src/main/java/org/springframework/samples/petclinic/owner/OwnerController.java:[155,25] cannot find symbol
[ERROR] /workspaces/maven-slimming-experiment/work/petclinic/src/main/java/org/springframework/samples/petclinic/owner/OwnerController.java:[179,16] cannot find symbol
[ERROR] /workspaces/maven-slimming-experiment/work/petclinic/src/main/java/org/springframework/samples/petclinic/owner/PetController.java:[39,51] package org.springframework.web.servlet.mvc.support does not exist
A08-h2 REJECTED (reverted)
{'verify_exit': 1, 'tests_run': 81, 'failures': 0, 'errors': 16, 'skipped': 0, 'same_tests_as_baseline': True, 'artifact_bytes': None, 'artifact_delta_vs_baseline': None, 'lib_count': None, 'resolved_total': 169, 'checklist': 'skipped', 'libs_removed_vs_baseline': None}
[ERROR] Tests run: 1, Failures: 0, Errors: 1, Skipped: 0, Time elapsed: 3.029 s <<< FAILURE! -- in org.springframework.samples.petclinic.PetClinicConcurrencyTests
[ERROR] Tests run: 12, Failures: 0, Errors: 12, Skipped: 0, Time elapsed: 0.510 s <<< FAILURE! -- in org.springframework.samples.petclinic.service.ClinicServiceTests
[ERROR] Tests run: 3, Failures: 0, Errors: 3, Skipped: 0, Time elapsed: 0.371 s <<< FAILURE! -- in org.springframework.samples.petclinic.PetClinicIntegrationTests
[ERROR] Errors: 
[ERROR]   PetClinicConcurrencyTests.testDuplicatePetNameRaceConditionIsBlocked » IllegalState Failed to load ApplicationContext for [WebMergedContextConfiguration@3efe1450 testClass = org.springframework.samples.petclinic.PetClinicConcurrencyTests, locations = [], classes = [org.springframework.samples.petclinic.PetClinicApplication], contextInitializerClasses = [], activeProfiles = [], propertySourceDescriptors = [], propertySourceProperties = ["org.springframework.boot.test.context.SpringBootTestContextBootstrapper=true", "server.port=0"], contextCustomizers = [org.springframework.boot.test.context.PropertyMappingContextCustomizer@0, org.springframework.boot.test.context.filter.ExcludeFilterContextCustomizer@7ab1127c, org.springframework.boot.test.json.DuplicateJsonObjectContextCustomizerFactory$DuplicateJsonObjectContextCustomizer@626c19cf, org.springframework.boot.test.autoconfigure.OnFailureConditionReportContextCustomizerFactory$OnFailureConditionReportContextCustomizer@6f825516, org.springframework.test.context.support.DynamicPropertiesContextCustomizer@0, org.springframework.boot.webmvc.test.autoconfigure.WebDriverContextCustomizer@1c33e528, org.springframework.boot.web.server.context.SpringBootTestRandomPortContextCustomizer@34208baa, org.springframework.boot.micrometer.metrics.test.autoconfigure.MetricsContextCustomizerFactory$DisableMetricsExportContextCustomizer@1f, org.springframework.boot.testcontainers.service.connection.ServiceConnectionContextCustomizer@0, org.springframework.boot.test.context.SpringBootTestAnnotation@c3527e51], resourceBasePath = "src/main/webapp", contextLoader = org.springframework.boot.test.context.SpringBootContextLoader, parent = null]
[ERROR]   PetClinicIntegrationTests.findAll » IllegalState Failed to load ApplicationContext for [WebMergedContextConfiguration@39430e11 testClass = org.springframework.samples.petclinic.PetClinicIntegrationTests, locations = [], classes = [org.springframework.samples.petclinic.PetClinicApplication], contextInitializerClasses = [], activeProfiles = [], propertySourceDescriptors = [], propertySourceProperties = ["logging.level.sql=DEBUG", "org.springframework.boot.test.context.SpringBootTestContextBootstrapper=true", "server.port=0"], contextCustomizers = [org.springframework.boot.test.context.PropertyMappingContextCustomizer@0, org.springframework.boot.test.context.filter.ExcludeFilterContextCustomizer@7ab1127c, org.springframework.boot.test.json.DuplicateJsonObjectContextCustomizerFactory$DuplicateJsonObjectContextCustomizer@626c19cf, org.springframework.boot.test.autoconfigure.OnFailureConditionReportContextCustomizerFactory$OnFailureConditionReportContextCustomizer@6f825516, org.springframework.test.context.support.DynamicPropertiesContextCustomizer@0, org.springframework.boot.webmvc.test.autoconfigure.WebDriverContextCustomizer@1c33e528, org.springframework.boot.web.server.context.SpringBootTestRandomPortContextCustomizer@34208baa, org.springframework.boot.micrometer.metrics.test.autoconfigure.MetricsContextCustomizerFactory$DisableMetricsExportContextCustomizer@1f, org.springframework.boot.testcontainers.service.connection.ServiceConnectionContextCustomizer@0, org.springframework.boot.test.context.SpringBootTestAnnotation@c3527e51], resourceBasePath = "src/main/webapp", contextLoader = org.springframework.boot.test.context.SpringBootContextLoader, parent = null]
[ERROR]   PetClinicIntegrationTests.ownerDetails » IllegalState ApplicationContext failure threshold (1) exceeded: skipping repeated attempt to load context for [WebMergedContextConfiguration@39430e11 testClass = org.springframework.samples.petclinic.PetClinicIntegrationTests, locations = [], classes = [org.springframework.samples.petclinic.PetClinicApplication], contextInitializerClasses = [], activeProfiles = [], propertySourceDescriptors = [], propertySourceProperties = ["logging.level.sql=DEBUG", "org.springframework.boot.test.context.SpringBootTestContextBootstrapper=true", "server.port=0"], contextCustomizers = [org.springframework.boot.test.context.PropertyMappingContextCustomizer@0, org.springframework.boot.test.context.filter.ExcludeFilterContextCustomizer@7ab1127c, org.springframework.boot.test.json.DuplicateJsonObjectContextCustomizerFactory$DuplicateJsonObjectContextCustomizer@626c19cf, org.springframework.boot.test.autoconfigure.OnFailureConditionReportContextCustomizerFactory$OnFailureConditionReportContextCustomizer@6f825516, org.springframework.test.context.support.DynamicPropertiesContextCustomizer@0, org.springframework.boot.webmvc.test.autoconfigure.WebDriverContextCustomizer@1c33e528, org.springframework.boot.web.server.context.SpringBootTestRandomPortContextCustomizer@34208baa, org.springframework.boot.micrometer.metrics.test.autoconfigure.MetricsContextCustomizerFactory$DisableMetricsExportContextCustomizer@1f, org.springframework.boot.testcontainers.service.connection.ServiceConnectionContextCustomizer@0, org.springframework.boot.test.context.SpringBootTestAnnotation@c3527e51], resourceBasePath = "src/main/webapp", contextLoader = org.springframework.boot.test.context.SpringBootContextLoader, parent = null]
[ERROR]   PetClinicIntegrationTests.ownerList » IllegalState ApplicationContext failure threshold (1) exceeded: skipping repeated attempt to load context for [WebMergedContextConfiguration@39430e11 testClass = org.springframework.samples.petclinic.PetClinicIntegrationTests, locations = [], classes = [org.springframework.samples.petclinic.PetClinicApplication], contextInitializerClasses = [], activeProfiles = [], propertySourceDescriptors = [], propertySourceProperties = ["logging.level.sql=DEBUG", "org.springframework.boot.test.context.SpringBootTestContextBootstrapper=true", "server.port=0"], contextCustomizers = [org.springframework.boot.test.context.PropertyMappingContextCustomizer@0, org.springframework.boot.test.context.filter.ExcludeFilterContextCustomizer@7ab1127c, org.springframework.boot.test.json.DuplicateJsonObjectContextCustomizerFactory$DuplicateJsonObjectContextCustomizer@626c19cf, org.springframework.boot.test.autoconfigure.OnFailureConditionReportContextCustomizerFactory$OnFailureConditionReportContextCustomizer@6f825516, org.springframework.test.context.support.DynamicPropertiesContextCustomizer@0, org.springframework.boot.webmvc.test.autoconfigure.WebDriverContextCustomizer@1c33e528, org.springframework.boot.web.server.context.SpringBootTestRandomPortContextCustomizer@34208baa, org.springframework.boot.micrometer.metrics.test.autoconfigure.MetricsContextCustomizerFactory$DisableMetricsExportContextCustomizer@1f, org.springframework.boot.testcontainers.service.connection.ServiceConnectionContextCustomizer@0, org.springframework.boot.test.context.SpringBootTestAnnotation@c3527e51], resourceBasePath = "src/main/webapp", contextLoader = org.springframework.boot.test.context.SpringBootContextLoader, parent = null]
A09-caffeine REJECTED (reverted)
{'verify_exit': 0, 'tests_run': 81, 'failures': 0, 'errors': 0, 'skipped': 0, 'same_tests_as_baseline': True, 'artifact_bytes': 64779742, 'artifact_delta_vs_baseline': -1051583, 'lib_count': 91, 'resolved_total': 168, 'checklist': 'FAIL', 'libs_removed_vs_baseline': ['caffeine-3.2.4.jar', 'error_prone_annotations-2.49.0.jar']}
  DIFF caches [signature]: baseline='cacheManager:vets->com.github.benmanes.caffeine.cache.UnboundedLocalCache$UnboundedLocalManualCache' candidate='cacheManager:vets->java.util.concurrent.ConcurrentHashMap'
  DIFF caches [signature]: baseline='cacheManager:vets->com.github.benmanes.caffeine.cache.UnboundedLocalCache$UnboundedLocalManualCache' candidate='cacheManager:vets->java.util.concurrent.ConcurrentHashMap'
  DIFF caches [signature]: baseline='cacheManager:vets->com.github.benmanes.caffeine.cache.UnboundedLocalCache$UnboundedLocalManualCache' candidate='cacheManager:vets->java.util.concurrent.ConcurrentHashMap'
A10-mysql-connector-j REJECTED (reverted)
{'verify_exit': 1, 'tests_run': 80, 'failures': 0, 'errors': 1, 'skipped': 0, 'same_tests_as_baseline': False, 'artifact_bytes': None, 'artifact_delta_vs_baseline': None, 'lib_count': None, 'resolved_total': 169, 'checklist': 'skipped', 'libs_removed_vs_baseline': None}
[ERROR] Tests run: 1, Failures: 0, Errors: 1, Skipped: 0, Time elapsed: 1.759 s <<< FAILURE! -- in org.springframework.samples.petclinic.MySqlIntegrationTests
[ERROR] Errors: 
[ERROR]   MySqlIntegrationTests » ContainerLaunch Container startup failed for image mysql:9.7
[ERROR] Tests run: 80, Failures: 0, Errors: 1, Skipped: 0
A11-postgresql REJECTED (reverted)
{'verify_exit': 1, 'tests_run': 81, 'failures': 0, 'errors': 2, 'skipped': 0, 'same_tests_as_baseline': True, 'artifact_bytes': None, 'artifact_delta_vs_baseline': None, 'lib_count': None, 'resolved_total': 169, 'checklist': 'skipped', 'libs_removed_vs_baseline': None}
[ERROR] Tests run: 2, Failures: 0, Errors: 2, Skipped: 0, Time elapsed: 6.803 s <<< FAILURE! -- in org.springframework.samples.petclinic.PostgresIntegrationTests
[ERROR] Errors: 
[ERROR]   PostgresIntegrationTests.findAll » IllegalState Failed to load ApplicationContext for [WebMergedContextConfiguration@3a5a332 testClass = org.springframework.samples.petclinic.PostgresIntegrationTests, locations = [], classes = [org.springframework.samples.petclinic.PetClinicApplication], contextInitializerClasses = [], activeProfiles = ["postgres"], propertySourceDescriptors = [], propertySourceProperties = ["spring.docker.compose.skip.in-tests=false", "spring.docker.compose.start.arguments=--force-recreate,--renew-anon-volumes,postgres", "org.springframework.boot.test.context.SpringBootTestContextBootstrapper=true", "server.port=0"], contextCustomizers = [org.springframework.boot.test.context.PropertyMappingContextCustomizer@0, org.springframework.boot.test.context.filter.ExcludeFilterContextCustomizer@7ab1127c, org.springframework.boot.test.json.DuplicateJsonObjectContextCustomizerFactory$DuplicateJsonObjectContextCustomizer@626c19cf, org.springframework.boot.test.autoconfigure.OnFailureConditionReportContextCustomizerFactory$OnFailureConditionReportContextCustomizer@6f825516, org.springframework.test.context.support.DynamicPropertiesContextCustomizer@0, org.springframework.boot.webmvc.test.autoconfigure.WebDriverContextCustomizer@1c33e528, org.springframework.boot.web.server.context.SpringBootTestRandomPortContextCustomizer@34208baa, org.springframework.boot.micrometer.metrics.test.autoconfigure.MetricsContextCustomizerFactory$DisableMetricsExportContextCustomizer@1f, org.springframework.boot.testcontainers.service.connection.ServiceConnectionContextCustomizer@0, org.springframework.boot.test.context.SpringBootTestAnnotation@c3527e51], resourceBasePath = "src/main/webapp", contextLoader = org.springframework.boot.test.context.SpringBootContextLoader, parent = null]
[ERROR]   PostgresIntegrationTests.ownerDetails » IllegalState ApplicationContext failure threshold (1) exceeded: skipping repeated attempt to load context for [WebMergedContextConfiguration@3a5a332 testClass = org.springframework.samples.petclinic.PostgresIntegrationTests, locations = [], classes = [org.springframework.samples.petclinic.PetClinicApplication], contextInitializerClasses = [], activeProfiles = ["postgres"], propertySourceDescriptors = [], propertySourceProperties = ["spring.docker.compose.skip.in-tests=false", "spring.docker.compose.start.arguments=--force-recreate,--renew-anon-volumes,postgres", "org.springframework.boot.test.context.SpringBootTestContextBootstrapper=true", "server.port=0"], contextCustomizers = [org.springframework.boot.test.context.PropertyMappingContextCustomizer@0, org.springframework.boot.test.context.filter.ExcludeFilterContextCustomizer@7ab1127c, org.springframework.boot.test.json.DuplicateJsonObjectContextCustomizerFactory$DuplicateJsonObjectContextCustomizer@626c19cf, org.springframework.boot.test.autoconfigure.OnFailureConditionReportContextCustomizerFactory$OnFailureConditionReportContextCustomizer@6f825516, org.springframework.test.context.support.DynamicPropertiesContextCustomizer@0, org.springframework.boot.webmvc.test.autoconfigure.WebDriverContextCustomizer@1c33e528, org.springframework.boot.web.server.context.SpringBootTestRandomPortContextCustomizer@34208baa, org.springframework.boot.micrometer.metrics.test.autoconfigure.MetricsContextCustomizerFactory$DisableMetricsExportContextCustomizer@1f, org.springframework.boot.testcontainers.service.connection.ServiceConnectionContextCustomizer@0, org.springframework.boot.test.context.SpringBootTestAnnotation@c3527e51], resourceBasePath = "src/main/webapp", contextLoader = org.springframework.boot.test.context.SpringBootContextLoader, parent = null]
[ERROR] Tests run: 81, Failures: 0, Errors: 2, Skipped: 0
A12-webjars-locator-lite REJECTED (reverted)
{'verify_exit': 0, 'tests_run': 81, 'failures': 0, 'errors': 0, 'skipped': 0, 'same_tests_as_baseline': True, 'artifact_bytes': 65821263, 'artifact_delta_vs_baseline': -10062, 'lib_count': 92, 'resolved_total': 169, 'checklist': 'FAIL', 'libs_removed_vs_baseline': ['webjars-locator-lite-1.1.3.jar']}
  DIFF webjar-bs [status]: baseline=200 candidate=404
  DIFF webjar-bs [content_type]: baseline='text/javascript' candidate='text/html'
  DIFF webjar-bs [signature]: baseline='bytes=80496' candidate='bytes=2774'
  DIFF webjar-fa [status]: baseline=200 candidate=404
  DIFF webjar-fa [content_type]: baseline='text/css' candidate='text/html'
  DIFF webjar-fa [signature]: baseline='bytes=31000' candidate='bytes=2774'
  DIFF webjar-fa-font [status]: baseline=200 candidate=404
  DIFF webjar-fa-font [content_type]: baseline='font/woff2' candidate='text/html'
  DIFF webjar-fa-font [signature]: baseline='bytes=77160' candidate='bytes=2774'
  DIFF webjar-bs [status]: baseline=200 candidate=404
  DIFF webjar-bs [content_type]: baseline='text/javascript' candidate='text/html'
  DIFF webjar-bs [signature]: baseline='bytes=80496' candidate='bytes=2774'
A13-webjar-bootstrap REJECTED (reverted)
{'verify_exit': 0, 'tests_run': 81, 'failures': 0, 'errors': 0, 'skipped': 0, 'same_tests_as_baseline': True, 'artifact_bytes': 63988742, 'artifact_delta_vs_baseline': -1842583, 'lib_count': 92, 'resolved_total': 169, 'checklist': 'FAIL', 'libs_removed_vs_baseline': ['bootstrap-5.3.8.jar']}
  DIFF webjar-bs [status]: baseline=200 candidate=404
  DIFF webjar-bs [content_type]: baseline='text/javascript' candidate='text/html'
  DIFF webjar-bs [signature]: baseline='bytes=80496' candidate='bytes=2780'
  DIFF webjar-bs [status]: baseline=200 candidate=404
  DIFF webjar-bs [content_type]: baseline='text/javascript' candidate='text/html'
  DIFF webjar-bs [signature]: baseline='bytes=80496' candidate='bytes=2780'
  DIFF webjar-bs [status]: baseline=200 candidate=404
  DIFF webjar-bs [content_type]: baseline='text/javascript' candidate='text/html'
  DIFF webjar-bs [signature]: baseline='bytes=80496' candidate='bytes=2780'
A14-webjar-font-awesome REJECTED (reverted)
{'verify_exit': 0, 'tests_run': 81, 'failures': 0, 'errors': 0, 'skipped': 0, 'same_tests_as_baseline': True, 'artifact_bytes': 65148601, 'artifact_delta_vs_baseline': -682724, 'lib_count': 92, 'resolved_total': 169, 'checklist': 'FAIL', 'libs_removed_vs_baseline': ['font-awesome-4.7.0.jar']}
  DIFF webjar-fa [status]: baseline=200 candidate=404
  DIFF webjar-fa [content_type]: baseline='text/css' candidate='text/html'
  DIFF webjar-fa [signature]: baseline='bytes=31000' candidate='bytes=2780'
  DIFF webjar-fa-font [status]: baseline=200 candidate=404
  DIFF webjar-fa-font [content_type]: baseline='font/woff2' candidate='text/html'
  DIFF webjar-fa-font [signature]: baseline='bytes=77160' candidate='bytes=2780'
  DIFF webjar-fa [status]: baseline=200 candidate=404
  DIFF webjar-fa [content_type]: baseline='text/css' candidate='text/html'
  DIFF webjar-fa [signature]: baseline='bytes=31000' candidate='bytes=2780'
  DIFF webjar-fa-font [status]: baseline=200 candidate=404
  DIFF webjar-fa-font [content_type]: baseline='font/woff2' candidate='text/html'
  DIFF webjar-fa-font [signature]: baseline='bytes=77160' candidate='bytes=2780'
A15-starter-data-jpa-test REJECTED (reverted)
{'verify_exit': 1, 'tests_run': 0, 'failures': 0, 'errors': 0, 'skipped': 0, 'same_tests_as_baseline': False, 'artifact_bytes': None, 'artifact_delta_vs_baseline': None, 'lib_count': None, 'resolved_total': 165, 'checklist': 'skipped', 'libs_removed_vs_baseline': None}
[ERROR] COMPILATION ERROR : 
[ERROR] /workspaces/maven-slimming-experiment/work/petclinic/src/test/java/org/springframework/samples/petclinic/service/ClinicServiceTests.java:[29,60] package org.springframework.boot.data.jpa.test.autoconfigure does not exist
[ERROR] /workspaces/maven-slimming-experiment/work/petclinic/src/test/java/org/springframework/samples/petclinic/service/ClinicServiceTests.java:[30,56] package org.springframework.boot.jdbc.test.autoconfigure does not exist
[ERROR] /workspaces/maven-slimming-experiment/work/petclinic/src/test/java/org/springframework/samples/petclinic/service/ClinicServiceTests.java:[31,82] package org.springframework.boot.jdbc.test.autoconfigure.AutoConfigureTestDatabase does not exist
[ERROR] /workspaces/maven-slimming-experiment/work/petclinic/src/test/java/org/springframework/samples/petclinic/service/ClinicServiceTests.java:[72,2] cannot find symbol
[ERROR] /workspaces/maven-slimming-experiment/work/petclinic/src/test/java/org/springframework/samples/petclinic/service/ClinicServiceTests.java:[74,2] cannot find symbol
[ERROR] /workspaces/maven-slimming-experiment/work/petclinic/src/test/java/org/springframework/samples/petclinic/service/ClinicServiceTests.java:[74,38] cannot find symbol
[ERROR] /workspaces/maven-slimming-experiment/work/petclinic/src/test/java/org/springframework/samples/petclinic/service/ClinicServiceTests.java:[29,60] package org.springframework.boot.data.jpa.test.autoconfigure does not exist
A16-starter-restclient KEPT
{'verify_exit': 0, 'tests_run': 81, 'failures': 0, 'errors': 0, 'skipped': 0, 'same_tests_as_baseline': True, 'artifact_bytes': 65830673, 'artifact_delta_vs_baseline': -652, 'lib_count': 93, 'resolved_total': 170, 'checklist': 'pass', 'libs_removed_vs_baseline': []}
A17-starter-restclient-test REJECTED (reverted)
{'verify_exit': 1, 'tests_run': 0, 'failures': 0, 'errors': 0, 'skipped': 0, 'same_tests_as_baseline': False, 'artifact_bytes': None, 'artifact_delta_vs_baseline': None, 'lib_count': None, 'resolved_total': 165, 'checklist': 'skipped', 'libs_removed_vs_baseline': None}
[ERROR] COMPILATION ERROR : 
[ERROR] /workspaces/maven-slimming-experiment/work/petclinic/src/test/java/org/springframework/samples/petclinic/MySqlIntegrationTests.java:[24,43] package org.springframework.boot.restclient does not exist
[ERROR] /workspaces/maven-slimming-experiment/work/petclinic/src/test/java/org/springframework/samples/petclinic/MySqlIntegrationTests.java:[59,17] cannot find symbol
[ERROR] /workspaces/maven-slimming-experiment/work/petclinic/src/test/java/org/springframework/samples/petclinic/PetClinicConcurrencyTests.java:[17,43] package org.springframework.boot.restclient does not exist
[ERROR] /workspaces/maven-slimming-experiment/work/petclinic/src/test/java/org/springframework/samples/petclinic/PetClinicConcurrencyTests.java:[38,17] cannot find symbol
[ERROR] /workspaces/maven-slimming-experiment/work/petclinic/src/test/java/org/springframework/samples/petclinic/PetClinicIntegrationTests.java:[24,43] package org.springframework.boot.restclient does not exist
[ERROR] /workspaces/maven-slimming-experiment/work/petclinic/src/test/java/org/springframework/samples/petclinic/PetClinicIntegrationTests.java:[44,17] cannot find symbol
[ERROR] /workspaces/maven-slimming-experiment/work/petclinic/src/test/java/org/springframework/samples/petclinic/PostgresIntegrationTests.java:[35,43] package org.springframework.boot.restclient does not exist
A18-starter-thymeleaf-test KEPT
{'verify_exit': 0, 'tests_run': 81, 'failures': 0, 'errors': 0, 'skipped': 0, 'same_tests_as_baseline': True, 'artifact_bytes': 65830669, 'artifact_delta_vs_baseline': -656, 'lib_count': 93, 'resolved_total': 169, 'checklist': 'pass', 'libs_removed_vs_baseline': []}
A19-starter-validation-test KEPT
{'verify_exit': 0, 'tests_run': 81, 'failures': 0, 'errors': 0, 'skipped': 0, 'same_tests_as_baseline': True, 'artifact_bytes': 65830663, 'artifact_delta_vs_baseline': -662, 'lib_count': 93, 'resolved_total': 168, 'checklist': 'pass', 'libs_removed_vs_baseline': []}
A20-starter-webmvc-test REJECTED (reverted)
{'verify_exit': 1, 'tests_run': 0, 'failures': 0, 'errors': 0, 'skipped': 0, 'same_tests_as_baseline': False, 'artifact_bytes': None, 'artifact_delta_vs_baseline': None, 'lib_count': None, 'resolved_total': 165, 'checklist': 'skipped', 'libs_removed_vs_baseline': None}
[ERROR] COMPILATION ERROR : 
[ERROR] /workspaces/maven-slimming-experiment/work/petclinic/src/test/java/org/springframework/samples/petclinic/owner/OwnerControllerTests.java:[23,58] package org.springframework.boot.webmvc.test.autoconfigure does not exist
[ERROR] /workspaces/maven-slimming-experiment/work/petclinic/src/test/java/org/springframework/samples/petclinic/owner/OwnerControllerTests.java:[60,2] cannot find symbol
[ERROR] /workspaces/maven-slimming-experiment/work/petclinic/src/test/java/org/springframework/samples/petclinic/owner/PetControllerTests.java:[24,58] package org.springframework.boot.webmvc.test.autoconfigure does not exist
[ERROR] /workspaces/maven-slimming-experiment/work/petclinic/src/test/java/org/springframework/samples/petclinic/owner/PetControllerTests.java:[51,2] cannot find symbol
[ERROR] /workspaces/maven-slimming-experiment/work/petclinic/src/test/java/org/springframework/samples/petclinic/owner/VisitControllerTests.java:[30,58] package org.springframework.boot.webmvc.test.autoconfigure does not exist
[ERROR] /workspaces/maven-slimming-experiment/work/petclinic/src/test/java/org/springframework/samples/petclinic/owner/VisitControllerTests.java:[44,2] cannot find symbol
[ERROR] /workspaces/maven-slimming-experiment/work/petclinic/src/test/java/org/springframework/samples/petclinic/system/CrashControllerIntegrationTests.java:[32,47] package org.springframework.boot.resttestclient does not exist
A21-starter-actuator-test KEPT
{'verify_exit': 0, 'tests_run': 81, 'failures': 0, 'errors': 0, 'skipped': 0, 'same_tests_as_baseline': True, 'artifact_bytes': 65830656, 'artifact_delta_vs_baseline': -669, 'lib_count': 93, 'resolved_total': 164, 'checklist': 'pass', 'libs_removed_vs_baseline': []}
A22-docker-compose REJECTED (reverted)
{'verify_exit': 1, 'tests_run': 81, 'failures': 0, 'errors': 2, 'skipped': 0, 'same_tests_as_baseline': True, 'artifact_bytes': None, 'artifact_delta_vs_baseline': None, 'lib_count': None, 'resolved_total': 163, 'checklist': 'skipped', 'libs_removed_vs_baseline': None}
[ERROR] Tests run: 2, Failures: 0, Errors: 2, Skipped: 0, Time elapsed: 3.402 s <<< FAILURE! -- in org.springframework.samples.petclinic.PostgresIntegrationTests
[ERROR] Errors: 
[ERROR]   PostgresIntegrationTests.findAll » IllegalState Failed to load ApplicationContext for [WebMergedContextConfiguration@67c5a1b4 testClass = org.springframework.samples.petclinic.PostgresIntegrationTests, locations = [], classes = [org.springframework.samples.petclinic.PetClinicApplication], contextInitializerClasses = [], activeProfiles = ["postgres"], propertySourceDescriptors = [], propertySourceProperties = ["spring.docker.compose.skip.in-tests=false", "spring.docker.compose.start.arguments=--force-recreate,--renew-anon-volumes,postgres", "org.springframework.boot.test.context.SpringBootTestContextBootstrapper=true", "server.port=0"], contextCustomizers = [org.springframework.boot.test.context.PropertyMappingContextCustomizer@0, org.springframework.boot.test.context.filter.ExcludeFilterContextCustomizer@7e62cfa3, org.springframework.boot.test.json.DuplicateJsonObjectContextCustomizerFactory$DuplicateJsonObjectContextCustomizer@5d5a51b1, org.springframework.boot.test.autoconfigure.OnFailureConditionReportContextCustomizerFactory$OnFailureConditionReportContextCustomizer@74834afd, org.springframework.test.context.support.DynamicPropertiesContextCustomizer@0, org.springframework.boot.webmvc.test.autoconfigure.WebDriverContextCustomizer@2e43c38d, org.springframework.boot.web.server.context.SpringBootTestRandomPortContextCustomizer@16da476c, org.springframework.boot.testcontainers.service.connection.ServiceConnectionContextCustomizer@0, org.springframework.boot.test.context.SpringBootTestAnnotation@aaba8f06], resourceBasePath = "src/main/webapp", contextLoader = org.springframework.boot.test.context.SpringBootContextLoader, parent = null]
[ERROR]   PostgresIntegrationTests.ownerDetails » IllegalState ApplicationContext failure threshold (1) exceeded: skipping repeated attempt to load context for [WebMergedContextConfiguration@67c5a1b4 testClass = org.springframework.samples.petclinic.PostgresIntegrationTests, locations = [], classes = [org.springframework.samples.petclinic.PetClinicApplication], contextInitializerClasses = [], activeProfiles = ["postgres"], propertySourceDescriptors = [], propertySourceProperties = ["spring.docker.compose.skip.in-tests=false", "spring.docker.compose.start.arguments=--force-recreate,--renew-anon-volumes,postgres", "org.springframework.boot.test.context.SpringBootTestContextBootstrapper=true", "server.port=0"], contextCustomizers = [org.springframework.boot.test.context.PropertyMappingContextCustomizer@0, org.springframework.boot.test.context.filter.ExcludeFilterContextCustomizer@7e62cfa3, org.springframework.boot.test.json.DuplicateJsonObjectContextCustomizerFactory$DuplicateJsonObjectContextCustomizer@5d5a51b1, org.springframework.boot.test.autoconfigure.OnFailureConditionReportContextCustomizerFactory$OnFailureConditionReportContextCustomizer@74834afd, org.springframework.test.context.support.DynamicPropertiesContextCustomizer@0, org.springframework.boot.webmvc.test.autoconfigure.WebDriverContextCustomizer@2e43c38d, org.springframework.boot.web.server.context.SpringBootTestRandomPortContextCustomizer@16da476c, org.springframework.boot.testcontainers.service.connection.ServiceConnectionContextCustomizer@0, org.springframework.boot.test.context.SpringBootTestAnnotation@aaba8f06], resourceBasePath = "src/main/webapp", contextLoader = org.springframework.boot.test.context.SpringBootContextLoader, parent = null]
[ERROR] Tests run: 81, Failures: 0, Errors: 2, Skipped: 0
A23-starter-cache-test KEPT
{'verify_exit': 0, 'tests_run': 81, 'failures': 0, 'errors': 0, 'skipped': 0, 'same_tests_as_baseline': True, 'artifact_bytes': 65830649, 'artifact_delta_vs_baseline': -676, 'lib_count': 93, 'resolved_total': 162, 'checklist': 'pass', 'libs_removed_vs_baseline': []}
