excluded org.aspectj:aspectjweaver after 1 exclusion(s)
C01-aspectjweaver KEPT
{'verify_exit': 0, 'tests_run': 81, 'failures': 0, 'errors': 0, 'skipped': 0, 'same_tests_as_baseline': True, 'artifact_bytes': 63057915, 'artifact_delta_vs_baseline': -2773410, 'lib_count': 88, 'resolved_total': 154, 'checklist': 'pass', 'libs_removed_vs_baseline': ['HdrHistogram-2.2.2.jar', 'aspectjweaver-1.9.25.1.jar', 'jul-to-slf4j-2.0.18.jar', 'micrometer-jakarta9-1.17.0.jar', 'snakeyaml-2.6.jar']}
excluded org.springframework:spring-aspects after 1 exclusion(s)
C02-spring-aspects KEPT
{'verify_exit': 0, 'tests_run': 81, 'failures': 0, 'errors': 0, 'skipped': 0, 'same_tests_as_baseline': True, 'artifact_bytes': 63007293, 'artifact_delta_vs_baseline': -2824032, 'lib_count': 87, 'resolved_total': 153, 'checklist': 'pass', 'libs_removed_vs_baseline': ['HdrHistogram-2.2.2.jar', 'aspectjweaver-1.9.25.1.jar', 'jul-to-slf4j-2.0.18.jar', 'micrometer-jakarta9-1.17.0.jar', 'snakeyaml-2.6.jar', 'spring-aspects-7.0.8.jar']}
excluded org.apache.tomcat.embed:tomcat-embed-websocket after 1 exclusion(s)
C03-tomcat-embed-websocket KEPT
{'verify_exit': 0, 'tests_run': 81, 'failures': 0, 'errors': 0, 'skipped': 0, 'same_tests_as_baseline': True, 'artifact_bytes': 62720000, 'artifact_delta_vs_baseline': -3111325, 'lib_count': 86, 'resolved_total': 152, 'checklist': 'pass', 'libs_removed_vs_baseline': ['HdrHistogram-2.2.2.jar', 'aspectjweaver-1.9.25.1.jar', 'jul-to-slf4j-2.0.18.jar', 'micrometer-jakarta9-1.17.0.jar', 'snakeyaml-2.6.jar', 'spring-aspects-7.0.8.jar', 'tomcat-embed-websocket-11.0.22.jar']}
C04-no-jarmode-tools KEPT
{'verify_exit': 0, 'tests_run': 81, 'failures': 0, 'errors': 0, 'skipped': 0, 'same_tests_as_baseline': True, 'artifact_bytes': 62665869, 'artifact_delta_vs_baseline': -3165456, 'lib_count': 85, 'resolved_total': 152, 'checklist': 'pass', 'libs_removed_vs_baseline': ['HdrHistogram-2.2.2.jar', 'aspectjweaver-1.9.25.1.jar', 'jul-to-slf4j-2.0.18.jar', 'micrometer-jakarta9-1.17.0.jar', 'snakeyaml-2.6.jar', 'spring-aspects-7.0.8.jar', 'spring-boot-jarmode-tools-4.1.0.jar', 'tomcat-embed-websocket-11.0.22.jar']}
C05-cache-api REJECTED (reverted)
{'verify_exit': 1, 'tests_run': 0, 'failures': 0, 'errors': 0, 'skipped': 0, 'same_tests_as_baseline': False, 'artifact_bytes': None, 'artifact_delta_vs_baseline': None, 'lib_count': None, 'resolved_total': 151, 'checklist': 'skipped', 'libs_removed_vs_baseline': None}
[ERROR] COMPILATION ERROR : 
[ERROR] /workspaces/maven-slimming-experiment/work/petclinic/src/main/java/org/springframework/samples/petclinic/system/CacheConfiguration.java:[24,33] package javax.cache.configuration does not exist
[ERROR] /workspaces/maven-slimming-experiment/work/petclinic/src/main/java/org/springframework/samples/petclinic/system/CacheConfiguration.java:[49,42] package javax.cache.configuration does not exist
[ERROR] /workspaces/maven-slimming-experiment/work/petclinic/src/main/java/org/springframework/samples/petclinic/system/CacheConfiguration.java:[37,24] cannot access javax.cache.CacheManager
[ERROR] /workspaces/maven-slimming-experiment/work/petclinic/src/main/java/org/springframework/samples/petclinic/system/CacheConfiguration.java:[50,28] cannot find symbol
[ERROR] /workspaces/maven-slimming-experiment/work/petclinic/src/main/java/org/springframework/samples/petclinic/system/CacheConfiguration.java:[24,33] package javax.cache.configuration does not exist
[ERROR] /workspaces/maven-slimming-experiment/work/petclinic/src/main/java/org/springframework/samples/petclinic/system/CacheConfiguration.java:[49,42] package javax.cache.configuration does not exist
[ERROR] /workspaces/maven-slimming-experiment/work/petclinic/src/main/java/org/springframework/samples/petclinic/system/CacheConfiguration.java:[37,24] cannot access javax.cache.CacheManager
C06-jakarta-xml-bind-api REJECTED (reverted)
{'verify_exit': 1, 'tests_run': 0, 'failures': 0, 'errors': 0, 'skipped': 0, 'same_tests_as_baseline': False, 'artifact_bytes': None, 'artifact_delta_vs_baseline': None, 'lib_count': None, 'resolved_total': 152, 'checklist': 'skipped', 'libs_removed_vs_baseline': None}
[ERROR] COMPILATION ERROR : 
[ERROR] /workspaces/maven-slimming-experiment/work/petclinic/src/main/java/org/springframework/samples/petclinic/vet/Vet.java:[33,35] package jakarta.xml.bind.annotation does not exist
[ERROR] /workspaces/maven-slimming-experiment/work/petclinic/src/main/java/org/springframework/samples/petclinic/vet/Vets.java:[21,35] package jakarta.xml.bind.annotation does not exist
[ERROR] /workspaces/maven-slimming-experiment/work/petclinic/src/main/java/org/springframework/samples/petclinic/vet/Vets.java:[22,35] package jakarta.xml.bind.annotation does not exist
[ERROR] /workspaces/maven-slimming-experiment/work/petclinic/src/main/java/org/springframework/samples/petclinic/vet/Vets.java:[30,2] cannot find symbol
[ERROR] /workspaces/maven-slimming-experiment/work/petclinic/src/main/java/org/springframework/samples/petclinic/vet/Vet.java:[59,10] cannot find symbol
[ERROR] /workspaces/maven-slimming-experiment/work/petclinic/src/main/java/org/springframework/samples/petclinic/vet/Vets.java:[35,10] cannot find symbol
[ERROR] /workspaces/maven-slimming-experiment/work/petclinic/src/main/java/org/springframework/samples/petclinic/vet/Vet.java:[33,35] package jakarta.xml.bind.annotation does not exist
excluded org.glassfish.jaxb:jaxb-runtime after 1 exclusion(s)
C07-jaxb-runtime REJECTED (reverted)
{'verify_exit': 0, 'tests_run': 81, 'failures': 0, 'errors': 0, 'skipped': 0, 'same_tests_as_baseline': True, 'artifact_bytes': 61474622, 'artifact_delta_vs_baseline': -4356703, 'lib_count': 80, 'resolved_total': 147, 'checklist': 'FAIL', 'libs_removed_vs_baseline': ['HdrHistogram-2.2.2.jar', 'angus-activation-2.0.3.jar', 'aspectjweaver-1.9.25.1.jar', 'istack-commons-runtime-4.1.2.jar', 'jaxb-core-4.0.9.jar', 'jaxb-runtime-4.0.9.jar', 'jul-to-slf4j-2.0.18.jar', 'micrometer-jakarta9-1.17.0.jar', 'snakeyaml-2.6.jar', 'spring-aspects-7.0.8.jar', 'spring-boot-jarmode-tools-4.1.0.jar', 'tomcat-embed-websocket-11.0.22.jar', 'txw2-4.0.9.jar']}
  DIFF vets-xml [status]: baseline=200 candidate=500
  DIFF vets-xml [content_type]: baseline='application/xml' candidate=''
  DIFF vets-xml [signature]: baseline='root=vets; vetList=6; firstName=6' candidate='root=None; vetList=0; firstName=0'
  DIFF vets-xml [status]: baseline=200 candidate=500
  DIFF vets-xml [content_type]: baseline='application/xml' candidate=''
  DIFF vets-xml [signature]: baseline='root=vets; vetList=6; firstName=6' candidate='root=None; vetList=0; firstName=0'
  DIFF vets-xml [status]: baseline=200 candidate=500
  DIFF vets-xml [content_type]: baseline='application/xml' candidate=''
  DIFF vets-xml [signature]: baseline='root=vets; vetList=6; firstName=6' candidate='root=None; vetList=0; firstName=0'
excluded net.bytebuddy:byte-buddy after 2 exclusion(s)
C08-byte-buddy REJECTED (reverted)
{'verify_exit': 1, 'tests_run': 81, 'failures': 0, 'errors': 70, 'skipped': 0, 'same_tests_as_baseline': True, 'artifact_bytes': None, 'artifact_delta_vs_baseline': None, 'lib_count': None, 'resolved_total': 151, 'checklist': 'skipped', 'libs_removed_vs_baseline': None}
[ERROR] Tests run: 3, Failures: 0, Errors: 3, Skipped: 0, Time elapsed: 2.844 s <<< FAILURE! -- in org.springframework.samples.petclinic.vet.VetControllerTests
[ERROR] Tests run: 1, Failures: 0, Errors: 1, Skipped: 0, Time elapsed: 3.657 s <<< FAILURE! -- in org.springframework.samples.petclinic.PetClinicConcurrencyTests
[ERROR] Tests run: 12, Failures: 0, Errors: 12, Skipped: 0, Time elapsed: 0.384 s <<< FAILURE! -- in org.springframework.samples.petclinic.service.ClinicServiceTests
[ERROR] Tests run: 2, Failures: 0, Errors: 2, Skipped: 0, Time elapsed: 10.60 s <<< FAILURE! -- in org.springframework.samples.petclinic.PostgresIntegrationTests
[ERROR] Tests run: 2, Failures: 0, Errors: 2, Skipped: 0, Time elapsed: 35.51 s <<< FAILURE! -- in org.springframework.samples.petclinic.MySqlIntegrationTests
[ERROR] Tests run: 18, Failures: 0, Errors: 18, Skipped: 0, Time elapsed: 0.198 s <<< FAILURE! -- in org.springframework.samples.petclinic.owner.OwnerControllerTests
[ERROR] Tests run: 3, Failures: 0, Errors: 3, Skipped: 0, Time elapsed: 0.038 s <<< FAILURE! -- in org.springframework.samples.petclinic.owner.PetTypeFormatterTests
[ERROR] Tests run: 8, Failures: 0, Errors: 8, Skipped: 0, Time elapsed: 0.051 s <<< FAILURE! -- in org.springframework.samples.petclinic.owner.PetControllerTests$ProcessUpdateFormHasErrors
excluded org.apache.logging.log4j:log4j-to-slf4j after 1 exclusion(s)
C09-log4j-to-slf4j KEPT
{'verify_exit': 0, 'tests_run': 81, 'failures': 0, 'errors': 0, 'skipped': 0, 'same_tests_as_baseline': True, 'artifact_bytes': 62288915, 'artifact_delta_vs_baseline': -3542410, 'lib_count': 83, 'resolved_total': 150, 'checklist': 'pass', 'libs_removed_vs_baseline': ['HdrHistogram-2.2.2.jar', 'aspectjweaver-1.9.25.1.jar', 'jul-to-slf4j-2.0.18.jar', 'log4j-api-2.25.4.jar', 'log4j-to-slf4j-2.25.4.jar', 'micrometer-jakarta9-1.17.0.jar', 'snakeyaml-2.6.jar', 'spring-aspects-7.0.8.jar', 'spring-boot-jarmode-tools-4.1.0.jar', 'tomcat-embed-websocket-11.0.22.jar']}
excluded org.apache.logging.log4j:log4j-api after 0 exclusion(s)
On branch slim
nothing to commit, working tree clean
C10-log4j-api KEPT
{'verify_exit': 0, 'tests_run': 81, 'failures': 0, 'errors': 0, 'skipped': 0, 'same_tests_as_baseline': True, 'artifact_bytes': 62288915, 'artifact_delta_vs_baseline': -3542410, 'lib_count': 83, 'resolved_total': 150, 'checklist': 'pass', 'libs_removed_vs_baseline': ['HdrHistogram-2.2.2.jar', 'aspectjweaver-1.9.25.1.jar', 'jul-to-slf4j-2.0.18.jar', 'log4j-api-2.25.4.jar', 'log4j-to-slf4j-2.25.4.jar', 'micrometer-jakarta9-1.17.0.jar', 'snakeyaml-2.6.jar', 'spring-aspects-7.0.8.jar', 'spring-boot-jarmode-tools-4.1.0.jar', 'tomcat-embed-websocket-11.0.22.jar']}
excluded com.google.errorprone:error_prone_annotations after 1 exclusion(s)
C11-error-prone-annotations KEPT
{'verify_exit': 0, 'tests_run': 81, 'failures': 0, 'errors': 0, 'skipped': 0, 'same_tests_as_baseline': True, 'artifact_bytes': 62267903, 'artifact_delta_vs_baseline': -3563422, 'lib_count': 82, 'resolved_total': 149, 'checklist': 'pass', 'libs_removed_vs_baseline': ['HdrHistogram-2.2.2.jar', 'aspectjweaver-1.9.25.1.jar', 'error_prone_annotations-2.49.0.jar', 'jul-to-slf4j-2.0.18.jar', 'log4j-api-2.25.4.jar', 'log4j-to-slf4j-2.25.4.jar', 'micrometer-jakarta9-1.17.0.jar', 'snakeyaml-2.6.jar', 'spring-aspects-7.0.8.jar', 'spring-boot-jarmode-tools-4.1.0.jar', 'tomcat-embed-websocket-11.0.22.jar']}
excluded org.jspecify:jspecify after 4 exclusion(s)
C12-jspecify REJECTED (reverted)
{'verify_exit': 1, 'tests_run': 81, 'failures': 0, 'errors': 63, 'skipped': 0, 'same_tests_as_baseline': True, 'artifact_bytes': None, 'artifact_delta_vs_baseline': None, 'lib_count': None, 'resolved_total': 148, 'checklist': 'skipped', 'libs_removed_vs_baseline': None}
[ERROR] Tests run: 3, Failures: 0, Errors: 3, Skipped: 0, Time elapsed: 5.217 s <<< FAILURE! -- in org.springframework.samples.petclinic.vet.VetControllerTests
[ERROR] Tests run: 1, Failures: 0, Errors: 1, Skipped: 0, Time elapsed: 2.201 s <<< FAILURE! -- in org.springframework.samples.petclinic.PetClinicConcurrencyTests
[ERROR] Tests run: 12, Failures: 0, Errors: 12, Skipped: 0, Time elapsed: 0.409 s <<< FAILURE! -- in org.springframework.samples.petclinic.service.ClinicServiceTests
[ERROR] Tests run: 2, Failures: 0, Errors: 2, Skipped: 0, Time elapsed: 1.437 s <<< FAILURE! -- in org.springframework.samples.petclinic.system.CrashControllerIntegrationTests
[ERROR] Tests run: 1, Failures: 0, Errors: 1, Skipped: 0, Time elapsed: 0.326 s <<< FAILURE! -- in org.springframework.samples.petclinic.system.WelcomeControllerTests
[ERROR] Tests run: 2, Failures: 0, Errors: 2, Skipped: 0, Time elapsed: 10.66 s <<< FAILURE! -- in org.springframework.samples.petclinic.PostgresIntegrationTests
[ERROR] Tests run: 2, Failures: 0, Errors: 2, Skipped: 0, Time elapsed: 28.85 s <<< FAILURE! -- in org.springframework.samples.petclinic.MySqlIntegrationTests
[ERROR] Tests run: 18, Failures: 0, Errors: 18, Skipped: 0, Time elapsed: 0.608 s <<< FAILURE! -- in org.springframework.samples.petclinic.owner.OwnerControllerTests
excluded org.antlr:antlr4-runtime after 1 exclusion(s)
C13-antlr4-runtime REJECTED (reverted)
{'verify_exit': 1, 'tests_run': 81, 'failures': 0, 'errors': 20, 'skipped': 0, 'same_tests_as_baseline': True, 'artifact_bytes': None, 'artifact_delta_vs_baseline': None, 'lib_count': None, 'resolved_total': 148, 'checklist': 'skipped', 'libs_removed_vs_baseline': None}
[ERROR] Tests run: 1, Failures: 0, Errors: 1, Skipped: 0, Time elapsed: 4.937 s <<< FAILURE! -- in org.springframework.samples.petclinic.PetClinicConcurrencyTests
[ERROR] Tests run: 12, Failures: 0, Errors: 12, Skipped: 0, Time elapsed: 0.555 s <<< FAILURE! -- in org.springframework.samples.petclinic.service.ClinicServiceTests
[ERROR] Tests run: 2, Failures: 0, Errors: 2, Skipped: 0, Time elapsed: 11.41 s <<< FAILURE! -- in org.springframework.samples.petclinic.PostgresIntegrationTests
[ERROR] Tests run: 2, Failures: 0, Errors: 2, Skipped: 0, Time elapsed: 32.84 s <<< FAILURE! -- in org.springframework.samples.petclinic.MySqlIntegrationTests
[ERROR] Tests run: 3, Failures: 0, Errors: 3, Skipped: 0, Time elapsed: 0.623 s <<< FAILURE! -- in org.springframework.samples.petclinic.PetClinicIntegrationTests
[ERROR] Errors: 
[ERROR]   MySqlIntegrationTests.findAll » IllegalState Failed to load ApplicationContext for [WebMergedContextConfiguration@2ce4dcc testClass = org.springframework.samples.petclinic.MySqlIntegrationTests, locations = [], classes = [org.springframework.samples.petclinic.PetClinicApplication], contextInitializerClasses = [], activeProfiles = ["mysql"], propertySourceDescriptors = [], propertySourceProperties = ["org.springframework.boot.test.context.SpringBootTestContextBootstrapper=true", "server.port=0"], contextCustomizers = [org.springframework.boot.test.context.PropertyMappingContextCustomizer@0, org.springframework.boot.test.context.filter.ExcludeFilterContextCustomizer@31142d58, org.springframework.boot.test.json.DuplicateJsonObjectContextCustomizerFactory$DuplicateJsonObjectContextCustomizer@663f237a, org.springframework.boot.test.autoconfigure.OnFailureConditionReportContextCustomizerFactory$OnFailureConditionReportContextCustomizer@bc6288b, org.springframework.test.context.support.DynamicPropertiesContextCustomizer@0, org.springframework.boot.webmvc.test.autoconfigure.WebDriverContextCustomizer@67e25252, org.springframework.boot.web.server.context.SpringBootTestRandomPortContextCustomizer@7affc159, org.springframework.boot.testcontainers.service.connection.ServiceConnectionContextCustomizer@fc7d85, org.springframework.boot.test.context.SpringBootTestAnnotation@561e1500], resourceBasePath = "src/main/webapp", contextLoader = org.springframework.boot.test.context.SpringBootContextLoader, parent = null]
[ERROR]   MySqlIntegrationTests.ownerDetails » IllegalState ApplicationContext failure threshold (1) exceeded: skipping repeated attempt to load context for [WebMergedContextConfiguration@2ce4dcc testClass = org.springframework.samples.petclinic.MySqlIntegrationTests, locations = [], classes = [org.springframework.samples.petclinic.PetClinicApplication], contextInitializerClasses = [], activeProfiles = ["mysql"], propertySourceDescriptors = [], propertySourceProperties = ["org.springframework.boot.test.context.SpringBootTestContextBootstrapper=true", "server.port=0"], contextCustomizers = [org.springframework.boot.test.context.PropertyMappingContextCustomizer@0, org.springframework.boot.test.context.filter.ExcludeFilterContextCustomizer@31142d58, org.springframework.boot.test.json.DuplicateJsonObjectContextCustomizerFactory$DuplicateJsonObjectContextCustomizer@663f237a, org.springframework.boot.test.autoconfigure.OnFailureConditionReportContextCustomizerFactory$OnFailureConditionReportContextCustomizer@bc6288b, org.springframework.test.context.support.DynamicPropertiesContextCustomizer@0, org.springframework.boot.webmvc.test.autoconfigure.WebDriverContextCustomizer@67e25252, org.springframework.boot.web.server.context.SpringBootTestRandomPortContextCustomizer@7affc159, org.springframework.boot.testcontainers.service.connection.ServiceConnectionContextCustomizer@fc7d85, org.springframework.boot.test.context.SpringBootTestAnnotation@561e1500], resourceBasePath = "src/main/webapp", contextLoader = org.springframework.boot.test.context.SpringBootContextLoader, parent = null]
excluded com.zaxxer:HikariCP after 1 exclusion(s)
C14-HikariCP REJECTED (reverted)
{'verify_exit': 1, 'tests_run': 81, 'failures': 0, 'errors': 4, 'skipped': 0, 'same_tests_as_baseline': True, 'artifact_bytes': None, 'artifact_delta_vs_baseline': None, 'lib_count': None, 'resolved_total': 148, 'checklist': 'skipped', 'libs_removed_vs_baseline': None}
[ERROR] Tests run: 2, Failures: 0, Errors: 2, Skipped: 0, Time elapsed: 7.986 s <<< FAILURE! -- in org.springframework.samples.petclinic.PostgresIntegrationTests
[ERROR] Tests run: 2, Failures: 0, Errors: 2, Skipped: 0, Time elapsed: 55.32 s <<< FAILURE! -- in org.springframework.samples.petclinic.MySqlIntegrationTests
[ERROR] Errors: 
[ERROR]   MySqlIntegrationTests.findAll » IllegalState Failed to load ApplicationContext for [WebMergedContextConfiguration@36313ed testClass = org.springframework.samples.petclinic.MySqlIntegrationTests, locations = [], classes = [org.springframework.samples.petclinic.PetClinicApplication], contextInitializerClasses = [], activeProfiles = ["mysql"], propertySourceDescriptors = [], propertySourceProperties = ["org.springframework.boot.test.context.SpringBootTestContextBootstrapper=true", "server.port=0"], contextCustomizers = [org.springframework.boot.test.context.PropertyMappingContextCustomizer@0, org.springframework.boot.test.context.filter.ExcludeFilterContextCustomizer@31142d58, org.springframework.boot.test.json.DuplicateJsonObjectContextCustomizerFactory$DuplicateJsonObjectContextCustomizer@663f237a, org.springframework.boot.test.autoconfigure.OnFailureConditionReportContextCustomizerFactory$OnFailureConditionReportContextCustomizer@bc6288b, org.springframework.test.context.support.DynamicPropertiesContextCustomizer@0, org.springframework.boot.webmvc.test.autoconfigure.WebDriverContextCustomizer@67e25252, org.springframework.boot.web.server.context.SpringBootTestRandomPortContextCustomizer@7affc159, org.springframework.boot.testcontainers.service.connection.ServiceConnectionContextCustomizer@962eca62, org.springframework.boot.test.context.SpringBootTestAnnotation@561e1500], resourceBasePath = "src/main/webapp", contextLoader = org.springframework.boot.test.context.SpringBootContextLoader, parent = null]
[ERROR]   MySqlIntegrationTests.ownerDetails » IllegalState ApplicationContext failure threshold (1) exceeded: skipping repeated attempt to load context for [WebMergedContextConfiguration@36313ed testClass = org.springframework.samples.petclinic.MySqlIntegrationTests, locations = [], classes = [org.springframework.samples.petclinic.PetClinicApplication], contextInitializerClasses = [], activeProfiles = ["mysql"], propertySourceDescriptors = [], propertySourceProperties = ["org.springframework.boot.test.context.SpringBootTestContextBootstrapper=true", "server.port=0"], contextCustomizers = [org.springframework.boot.test.context.PropertyMappingContextCustomizer@0, org.springframework.boot.test.context.filter.ExcludeFilterContextCustomizer@31142d58, org.springframework.boot.test.json.DuplicateJsonObjectContextCustomizerFactory$DuplicateJsonObjectContextCustomizer@663f237a, org.springframework.boot.test.autoconfigure.OnFailureConditionReportContextCustomizerFactory$OnFailureConditionReportContextCustomizer@bc6288b, org.springframework.test.context.support.DynamicPropertiesContextCustomizer@0, org.springframework.boot.webmvc.test.autoconfigure.WebDriverContextCustomizer@67e25252, org.springframework.boot.web.server.context.SpringBootTestRandomPortContextCustomizer@7affc159, org.springframework.boot.testcontainers.service.connection.ServiceConnectionContextCustomizer@962eca62, org.springframework.boot.test.context.SpringBootTestAnnotation@561e1500], resourceBasePath = "src/main/webapp", contextLoader = org.springframework.boot.test.context.SpringBootContextLoader, parent = null]
[ERROR]   PostgresIntegrationTests.findAll » IllegalState Failed to load ApplicationContext for [WebMergedContextConfiguration@791685bc testClass = org.springframework.samples.petclinic.PostgresIntegrationTests, locations = [], classes = [org.springframework.samples.petclinic.PetClinicApplication], contextInitializerClasses = [], activeProfiles = ["postgres"], propertySourceDescriptors = [], propertySourceProperties = ["spring.docker.compose.skip.in-tests=false", "spring.docker.compose.start.arguments=--force-recreate,--renew-anon-volumes,postgres", "org.springframework.boot.test.context.SpringBootTestContextBootstrapper=true", "server.port=0"], contextCustomizers = [org.springframework.boot.test.context.PropertyMappingContextCustomizer@0, org.springframework.boot.test.context.filter.ExcludeFilterContextCustomizer@31142d58, org.springframework.boot.test.json.DuplicateJsonObjectContextCustomizerFactory$DuplicateJsonObjectContextCustomizer@663f237a, org.springframework.boot.test.autoconfigure.OnFailureConditionReportContextCustomizerFactory$OnFailureConditionReportContextCustomizer@bc6288b, org.springframework.test.context.support.DynamicPropertiesContextCustomizer@0, org.springframework.boot.webmvc.test.autoconfigure.WebDriverContextCustomizer@67e25252, org.springframework.boot.web.server.context.SpringBootTestRandomPortContextCustomizer@7affc159, org.springframework.boot.testcontainers.service.connection.ServiceConnectionContextCustomizer@0, org.springframework.boot.test.context.SpringBootTestAnnotation@561e1500], resourceBasePath = "src/main/webapp", contextLoader = org.springframework.boot.test.context.SpringBootContextLoader, parent = null]
[ERROR]   PostgresIntegrationTests.ownerDetails » IllegalState ApplicationContext failure threshold (1) exceeded: skipping repeated attempt to load context for [WebMergedContextConfiguration@791685bc testClass = org.springframework.samples.petclinic.PostgresIntegrationTests, locations = [], classes = [org.springframework.samples.petclinic.PetClinicApplication], contextInitializerClasses = [], activeProfiles = ["postgres"], propertySourceDescriptors = [], propertySourceProperties = ["spring.docker.compose.skip.in-tests=false", "spring.docker.compose.start.arguments=--force-recreate,--renew-anon-volumes,postgres", "org.springframework.boot.test.context.SpringBootTestContextBootstrapper=true", "server.port=0"], contextCustomizers = [org.springframework.boot.test.context.PropertyMappingContextCustomizer@0, org.springframework.boot.test.context.filter.ExcludeFilterContextCustomizer@31142d58, org.springframework.boot.test.json.DuplicateJsonObjectContextCustomizerFactory$DuplicateJsonObjectContextCustomizer@663f237a, org.springframework.boot.test.autoconfigure.OnFailureConditionReportContextCustomizerFactory$OnFailureConditionReportContextCustomizer@bc6288b, org.springframework.test.context.support.DynamicPropertiesContextCustomizer@0, org.springframework.boot.webmvc.test.autoconfigure.WebDriverContextCustomizer@67e25252, org.springframework.boot.web.server.context.SpringBootTestRandomPortContextCustomizer@7affc159, org.springframework.boot.testcontainers.service.connection.ServiceConnectionContextCustomizer@0, org.springframework.boot.test.context.SpringBootTestAnnotation@561e1500], resourceBasePath = "src/main/webapp", contextLoader = org.springframework.boot.test.context.SpringBootContextLoader, parent = null]
[ERROR] Tests run: 81, Failures: 0, Errors: 4, Skipped: 0
excluded org.apache.tomcat.embed:tomcat-embed-el after 2 exclusion(s)
C15-tomcat-embed-el REJECTED (reverted)
{'verify_exit': 1, 'tests_run': 81, 'failures': 0, 'errors': 22, 'skipped': 0, 'same_tests_as_baseline': True, 'artifact_bytes': None, 'artifact_delta_vs_baseline': None, 'lib_count': None, 'resolved_total': 148, 'checklist': 'skipped', 'libs_removed_vs_baseline': None}
[ERROR] Tests run: 1, Failures: 0, Errors: 1, Skipped: 0, Time elapsed: 4.217 s <<< FAILURE! -- in org.springframework.samples.petclinic.PetClinicConcurrencyTests
[ERROR] Tests run: 12, Failures: 0, Errors: 12, Skipped: 0, Time elapsed: 0.541 s <<< FAILURE! -- in org.springframework.samples.petclinic.service.ClinicServiceTests
[ERROR] Tests run: 2, Failures: 0, Errors: 2, Skipped: 0, Time elapsed: 9.173 s <<< FAILURE! -- in org.springframework.samples.petclinic.PostgresIntegrationTests
[ERROR] Tests run: 2, Failures: 0, Errors: 2, Skipped: 0, Time elapsed: 29.34 s <<< FAILURE! -- in org.springframework.samples.petclinic.MySqlIntegrationTests
[ERROR] Tests run: 2, Failures: 0, Errors: 2, Skipped: 0, Time elapsed: 0.010 s <<< FAILURE! -- in org.springframework.samples.petclinic.model.ValidatorTests
[ERROR] Tests run: 3, Failures: 0, Errors: 3, Skipped: 0, Time elapsed: 0.656 s <<< FAILURE! -- in org.springframework.samples.petclinic.PetClinicIntegrationTests
[ERROR] Errors: 
[ERROR]   MySqlIntegrationTests.findAll » IllegalState Failed to load ApplicationContext for [WebMergedContextConfiguration@2d9abd21 testClass = org.springframework.samples.petclinic.MySqlIntegrationTests, locations = [], classes = [org.springframework.samples.petclinic.PetClinicApplication], contextInitializerClasses = [], activeProfiles = ["mysql"], propertySourceDescriptors = [], propertySourceProperties = ["org.springframework.boot.test.context.SpringBootTestContextBootstrapper=true", "server.port=0"], contextCustomizers = [org.springframework.boot.test.context.PropertyMappingContextCustomizer@0, org.springframework.boot.test.context.filter.ExcludeFilterContextCustomizer@31142d58, org.springframework.boot.test.json.DuplicateJsonObjectContextCustomizerFactory$DuplicateJsonObjectContextCustomizer@663f237a, org.springframework.boot.test.autoconfigure.OnFailureConditionReportContextCustomizerFactory$OnFailureConditionReportContextCustomizer@bc6288b, org.springframework.test.context.support.DynamicPropertiesContextCustomizer@0, org.springframework.boot.webmvc.test.autoconfigure.WebDriverContextCustomizer@67e25252, org.springframework.boot.web.server.context.SpringBootTestRandomPortContextCustomizer@7affc159, org.springframework.boot.testcontainers.service.connection.ServiceConnectionContextCustomizer@faf13d22, org.springframework.boot.test.context.SpringBootTestAnnotation@561e1500], resourceBasePath = "src/main/webapp", contextLoader = org.springframework.boot.test.context.SpringBootContextLoader, parent = null]
excluded org.jboss.logging:jboss-logging after 2 exclusion(s)
C16-jboss-logging REJECTED (reverted)
{'verify_exit': 1, 'tests_run': 81, 'failures': 0, 'errors': 65, 'skipped': 0, 'same_tests_as_baseline': True, 'artifact_bytes': None, 'artifact_delta_vs_baseline': None, 'lib_count': None, 'resolved_total': 148, 'checklist': 'skipped', 'libs_removed_vs_baseline': None}
[ERROR] Tests run: 3, Failures: 0, Errors: 3, Skipped: 0, Time elapsed: 4.527 s <<< FAILURE! -- in org.springframework.samples.petclinic.vet.VetControllerTests
[ERROR] Tests run: 1, Failures: 0, Errors: 1, Skipped: 0, Time elapsed: 4.559 s <<< FAILURE! -- in org.springframework.samples.petclinic.PetClinicConcurrencyTests
[ERROR] Tests run: 12, Failures: 0, Errors: 12, Skipped: 0, Time elapsed: 0.478 s <<< FAILURE! -- in org.springframework.samples.petclinic.service.ClinicServiceTests
[ERROR] Tests run: 2, Failures: 0, Errors: 2, Skipped: 0, Time elapsed: 0.706 s <<< FAILURE! -- in org.springframework.samples.petclinic.system.CrashControllerIntegrationTests
[ERROR] Tests run: 1, Failures: 0, Errors: 1, Skipped: 0, Time elapsed: 0.276 s <<< FAILURE! -- in org.springframework.samples.petclinic.system.WelcomeControllerTests
[ERROR] Tests run: 2, Failures: 0, Errors: 2, Skipped: 0, Time elapsed: 9.541 s <<< FAILURE! -- in org.springframework.samples.petclinic.PostgresIntegrationTests
[ERROR] Tests run: 2, Failures: 0, Errors: 2, Skipped: 0, Time elapsed: 33.20 s <<< FAILURE! -- in org.springframework.samples.petclinic.MySqlIntegrationTests
[ERROR] Tests run: 18, Failures: 0, Errors: 18, Skipped: 0, Time elapsed: 0.496 s <<< FAILURE! -- in org.springframework.samples.petclinic.owner.OwnerControllerTests
excluded org.hibernate.models:hibernate-models after 1 exclusion(s)
C17-hibernate-models REJECTED (reverted)
{'verify_exit': 1, 'tests_run': 81, 'failures': 0, 'errors': 20, 'skipped': 0, 'same_tests_as_baseline': True, 'artifact_bytes': None, 'artifact_delta_vs_baseline': None, 'lib_count': None, 'resolved_total': 148, 'checklist': 'skipped', 'libs_removed_vs_baseline': None}
[ERROR] Tests run: 1, Failures: 0, Errors: 1, Skipped: 0, Time elapsed: 3.242 s <<< FAILURE! -- in org.springframework.samples.petclinic.PetClinicConcurrencyTests
[ERROR] Tests run: 12, Failures: 0, Errors: 12, Skipped: 0, Time elapsed: 0.416 s <<< FAILURE! -- in org.springframework.samples.petclinic.service.ClinicServiceTests
[ERROR] Tests run: 2, Failures: 0, Errors: 2, Skipped: 0, Time elapsed: 8.774 s <<< FAILURE! -- in org.springframework.samples.petclinic.PostgresIntegrationTests
[ERROR] Tests run: 2, Failures: 0, Errors: 2, Skipped: 0, Time elapsed: 32.38 s <<< FAILURE! -- in org.springframework.samples.petclinic.MySqlIntegrationTests
[ERROR] Tests run: 3, Failures: 0, Errors: 3, Skipped: 0, Time elapsed: 0.516 s <<< FAILURE! -- in org.springframework.samples.petclinic.PetClinicIntegrationTests
[ERROR] Errors: 
[ERROR]   MySqlIntegrationTests.findAll » IllegalState Failed to load ApplicationContext for [WebMergedContextConfiguration@6cf875be testClass = org.springframework.samples.petclinic.MySqlIntegrationTests, locations = [], classes = [org.springframework.samples.petclinic.PetClinicApplication], contextInitializerClasses = [], activeProfiles = ["mysql"], propertySourceDescriptors = [], propertySourceProperties = ["org.springframework.boot.test.context.SpringBootTestContextBootstrapper=true", "server.port=0"], contextCustomizers = [org.springframework.boot.test.context.PropertyMappingContextCustomizer@0, org.springframework.boot.test.context.filter.ExcludeFilterContextCustomizer@31142d58, org.springframework.boot.test.json.DuplicateJsonObjectContextCustomizerFactory$DuplicateJsonObjectContextCustomizer@663f237a, org.springframework.boot.test.autoconfigure.OnFailureConditionReportContextCustomizerFactory$OnFailureConditionReportContextCustomizer@bc6288b, org.springframework.test.context.support.DynamicPropertiesContextCustomizer@0, org.springframework.boot.webmvc.test.autoconfigure.WebDriverContextCustomizer@67e25252, org.springframework.boot.web.server.context.SpringBootTestRandomPortContextCustomizer@7affc159, org.springframework.boot.testcontainers.service.connection.ServiceConnectionContextCustomizer@4a8c568b, org.springframework.boot.test.context.SpringBootTestAnnotation@561e1500], resourceBasePath = "src/main/webapp", contextLoader = org.springframework.boot.test.context.SpringBootContextLoader, parent = null]
[ERROR]   MySqlIntegrationTests.ownerDetails » IllegalState ApplicationContext failure threshold (1) exceeded: skipping repeated attempt to load context for [WebMergedContextConfiguration@6cf875be testClass = org.springframework.samples.petclinic.MySqlIntegrationTests, locations = [], classes = [org.springframework.samples.petclinic.PetClinicApplication], contextInitializerClasses = [], activeProfiles = ["mysql"], propertySourceDescriptors = [], propertySourceProperties = ["org.springframework.boot.test.context.SpringBootTestContextBootstrapper=true", "server.port=0"], contextCustomizers = [org.springframework.boot.test.context.PropertyMappingContextCustomizer@0, org.springframework.boot.test.context.filter.ExcludeFilterContextCustomizer@31142d58, org.springframework.boot.test.json.DuplicateJsonObjectContextCustomizerFactory$DuplicateJsonObjectContextCustomizer@663f237a, org.springframework.boot.test.autoconfigure.OnFailureConditionReportContextCustomizerFactory$OnFailureConditionReportContextCustomizer@bc6288b, org.springframework.test.context.support.DynamicPropertiesContextCustomizer@0, org.springframework.boot.webmvc.test.autoconfigure.WebDriverContextCustomizer@67e25252, org.springframework.boot.web.server.context.SpringBootTestRandomPortContextCustomizer@7affc159, org.springframework.boot.testcontainers.service.connection.ServiceConnectionContextCustomizer@4a8c568b, org.springframework.boot.test.context.SpringBootTestAnnotation@561e1500], resourceBasePath = "src/main/webapp", contextLoader = org.springframework.boot.test.context.SpringBootContextLoader, parent = null]
excluded jakarta.inject:jakarta.inject-api after 1 exclusion(s)
C18-jakarta-inject-api REJECTED (reverted)
{'verify_exit': 0, 'tests_run': 81, 'failures': 0, 'errors': 0, 'skipped': 0, 'same_tests_as_baseline': True, 'artifact_bytes': 62256533, 'artifact_delta_vs_baseline': -3574792, 'lib_count': 81, 'resolved_total': 148, 'checklist': 'FAIL', 'libs_removed_vs_baseline': ['HdrHistogram-2.2.2.jar', 'aspectjweaver-1.9.25.1.jar', 'error_prone_annotations-2.49.0.jar', 'jakarta.inject-api-2.0.1.jar', 'jul-to-slf4j-2.0.18.jar', 'log4j-api-2.25.4.jar', 'log4j-to-slf4j-2.25.4.jar', 'micrometer-jakarta9-1.17.0.jar', 'snakeyaml-2.6.jar', 'spring-aspects-7.0.8.jar', 'spring-boot-jarmode-tools-4.1.0.jar', 'tomcat-embed-websocket-11.0.22.jar']}
  DIFF home: missing in candidate
  DIFF home-de: missing in candidate
  DIFF home-es: missing in candidate
  DIFF find: missing in candidate
  DIFF list-all: missing in candidate
  DIFF list-p2: missing in candidate
  DIFF list-davis: missing in candidate
  DIFF search-one: missing in candidate
  DIFF search-none: missing in candidate
  DIFF owner1: missing in candidate
  DIFF owner-missing: missing in candidate
  DIFF owner-edit-form: missing in candidate
