# re-runs after disk incident 2026-10-04T01:26:35Z
A22-docker-compose-rerun REJECTED (reverted)
{'verify_exit': 1, 'tests_run': 81, 'failures': 0, 'errors': 2, 'skipped': 0, 'same_tests_as_baseline': True, 'artifact_bytes': None, 'artifact_delta_vs_baseline': None, 'lib_count': None, 'resolved_total': 148, 'checklist': 'skipped', 'libs_removed_vs_baseline': None}
[ERROR] Tests run: 2, Failures: 0, Errors: 2, Skipped: 0, Time elapsed: 4.721 s <<< FAILURE! -- in org.springframework.samples.petclinic.PostgresIntegrationTests
[ERROR] Errors: 
[ERROR]   PostgresIntegrationTests.findAll » IllegalState Failed to load ApplicationContext for [WebMergedContextConfiguration@86c523f testClass = org.springframework.samples.petclinic.PostgresIntegrationTests, locations = [], classes = [org.springframework.samples.petclinic.PetClinicApplication], contextInitializerClasses = [], activeProfiles = ["postgres"], propertySourceDescriptors = [], propertySourceProperties = ["spring.docker.compose.skip.in-tests=false", "spring.docker.compose.start.arguments=--force-recreate,--renew-anon-volumes,postgres", "org.springframework.boot.test.context.SpringBootTestContextBootstrapper=true", "server.port=0"], contextCustomizers = [org.springframework.boot.test.context.PropertyMappingContextCustomizer@0, org.springframework.boot.test.context.filter.ExcludeFilterContextCustomizer@338766de, org.springframework.boot.test.json.DuplicateJsonObjectContextCustomizerFactory$DuplicateJsonObjectContextCustomizer@3eb3232b, org.springframework.boot.test.autoconfigure.OnFailureConditionReportContextCustomizerFactory$OnFailureConditionReportContextCustomizer@67774e29, org.springframework.test.context.support.DynamicPropertiesContextCustomizer@0, org.springframework.boot.webmvc.test.autoconfigure.WebDriverContextCustomizer@72b43104, org.springframework.boot.web.server.context.SpringBootTestRandomPortContextCustomizer@67e25252, org.springframework.boot.testcontainers.service.connection.ServiceConnectionContextCustomizer@0, org.springframework.boot.test.context.SpringBootTestAnnotation@561e1500], resourceBasePath = "src/main/webapp", contextLoader = org.springframework.boot.test.context.SpringBootContextLoader, parent = null]
[ERROR]   PostgresIntegrationTests.ownerDetails » IllegalState ApplicationContext failure threshold (1) exceeded: skipping repeated attempt to load context for [WebMergedContextConfiguration@86c523f testClass = org.springframework.samples.petclinic.PostgresIntegrationTests, locations = [], classes = [org.springframework.samples.petclinic.PetClinicApplication], contextInitializerClasses = [], activeProfiles = ["postgres"], propertySourceDescriptors = [], propertySourceProperties = ["spring.docker.compose.skip.in-tests=false", "spring.docker.compose.start.arguments=--force-recreate,--renew-anon-volumes,postgres", "org.springframework.boot.test.context.SpringBootTestContextBootstrapper=true", "server.port=0"], contextCustomizers = [org.springframework.boot.test.context.PropertyMappingContextCustomizer@0, org.springframework.boot.test.context.filter.ExcludeFilterContextCustomizer@338766de, org.springframework.boot.test.json.DuplicateJsonObjectContextCustomizerFactory$DuplicateJsonObjectContextCustomizer@3eb3232b, org.springframework.boot.test.autoconfigure.OnFailureConditionReportContextCustomizerFactory$OnFailureConditionReportContextCustomizer@67774e29, org.springframework.test.context.support.DynamicPropertiesContextCustomizer@0, org.springframework.boot.webmvc.test.autoconfigure.WebDriverContextCustomizer@72b43104, org.springframework.boot.web.server.context.SpringBootTestRandomPortContextCustomizer@67e25252, org.springframework.boot.testcontainers.service.connection.ServiceConnectionContextCustomizer@0, org.springframework.boot.test.context.SpringBootTestAnnotation@561e1500], resourceBasePath = "src/main/webapp", contextLoader = org.springframework.boot.test.context.SpringBootContextLoader, parent = null]
[ERROR] Tests run: 81, Failures: 0, Errors: 2, Skipped: 0
excluded org.glassfish.jaxb:jaxb-runtime after 1 exclusion(s)
C07-jaxb-runtime-rerun REJECTED (reverted)
{'verify_exit': 0, 'tests_run': 81, 'failures': 0, 'errors': 0, 'skipped': 0, 'same_tests_as_baseline': True, 'artifact_bytes': 61076668, 'artifact_delta_vs_baseline': -4754657, 'lib_count': 77, 'resolved_total': 144, 'checklist': 'FAIL', 'libs_removed_vs_baseline': ['HdrHistogram-2.2.2.jar', 'angus-activation-2.0.3.jar', 'aspectjweaver-1.9.25.1.jar', 'error_prone_annotations-2.49.0.jar', 'istack-commons-runtime-4.1.2.jar', 'jaxb-core-4.0.9.jar', 'jaxb-runtime-4.0.9.jar', 'jul-to-slf4j-2.0.18.jar', 'log4j-api-2.25.4.jar', 'log4j-to-slf4j-2.25.4.jar', 'micrometer-jakarta9-1.17.0.jar', 'snakeyaml-2.6.jar', 'spring-aspects-7.0.8.jar', 'spring-boot-jarmode-tools-4.1.0.jar', 'tomcat-embed-websocket-11.0.22.jar', 'txw2-4.0.9.jar']}
  DIFF vets-xml [status]: baseline=200 candidate=500
  DIFF vets-xml [content_type]: baseline='application/xml' candidate=''
  DIFF vets-xml [signature]: baseline='root=vets; vetList=6; firstName=6' candidate='root=None; vetList=0; firstName=0'
  DIFF vets-xml [status]: baseline=200 candidate=500
  DIFF vets-xml [content_type]: baseline='application/xml' candidate=''
  DIFF vets-xml [signature]: baseline='root=vets; vetList=6; firstName=6' candidate='root=None; vetList=0; firstName=0'
  DIFF vets-xml [status]: baseline=200 candidate=500
  DIFF vets-xml [content_type]: baseline='application/xml' candidate=''
  DIFF vets-xml [signature]: baseline='root=vets; vetList=6; firstName=6' candidate='root=None; vetList=0; firstName=0'
excluded net.bytebuddy:byte-buddy after 2 exclusion(s)
C08-byte-buddy-rerun REJECTED (reverted)
{'verify_exit': 1, 'tests_run': 81, 'failures': 0, 'errors': 70, 'skipped': 0, 'same_tests_as_baseline': True, 'artifact_bytes': None, 'artifact_delta_vs_baseline': None, 'lib_count': None, 'resolved_total': 148, 'checklist': 'skipped', 'libs_removed_vs_baseline': None}
[ERROR] Tests run: 3, Failures: 0, Errors: 3, Skipped: 0, Time elapsed: 2.632 s <<< FAILURE! -- in org.springframework.samples.petclinic.vet.VetControllerTests
[ERROR] Tests run: 1, Failures: 0, Errors: 1, Skipped: 0, Time elapsed: 3.321 s <<< FAILURE! -- in org.springframework.samples.petclinic.PetClinicConcurrencyTests
[ERROR] Tests run: 12, Failures: 0, Errors: 12, Skipped: 0, Time elapsed: 0.418 s <<< FAILURE! -- in org.springframework.samples.petclinic.service.ClinicServiceTests
[ERROR] Tests run: 2, Failures: 0, Errors: 2, Skipped: 0, Time elapsed: 8.764 s <<< FAILURE! -- in org.springframework.samples.petclinic.PostgresIntegrationTests
[ERROR] Tests run: 2, Failures: 0, Errors: 2, Skipped: 0, Time elapsed: 28.41 s <<< FAILURE! -- in org.springframework.samples.petclinic.MySqlIntegrationTests
[ERROR] Tests run: 18, Failures: 0, Errors: 18, Skipped: 0, Time elapsed: 0.211 s <<< FAILURE! -- in org.springframework.samples.petclinic.owner.OwnerControllerTests
[ERROR] Tests run: 3, Failures: 0, Errors: 3, Skipped: 0, Time elapsed: 0.018 s <<< FAILURE! -- in org.springframework.samples.petclinic.owner.PetTypeFormatterTests
[ERROR] Tests run: 8, Failures: 0, Errors: 8, Skipped: 0, Time elapsed: 0.064 s <<< FAILURE! -- in org.springframework.samples.petclinic.owner.PetControllerTests$ProcessUpdateFormHasErrors
excluded org.jspecify:jspecify after 4 exclusion(s)
C12-jspecify-rerun REJECTED (reverted)
{'verify_exit': 1, 'tests_run': 81, 'failures': 0, 'errors': 63, 'skipped': 0, 'same_tests_as_baseline': True, 'artifact_bytes': None, 'artifact_delta_vs_baseline': None, 'lib_count': None, 'resolved_total': 148, 'checklist': 'skipped', 'libs_removed_vs_baseline': None}
[ERROR] Tests run: 3, Failures: 0, Errors: 3, Skipped: 0, Time elapsed: 5.511 s <<< FAILURE! -- in org.springframework.samples.petclinic.vet.VetControllerTests
[ERROR] Tests run: 1, Failures: 0, Errors: 1, Skipped: 0, Time elapsed: 2.318 s <<< FAILURE! -- in org.springframework.samples.petclinic.PetClinicConcurrencyTests
[ERROR] Tests run: 12, Failures: 0, Errors: 12, Skipped: 0, Time elapsed: 0.440 s <<< FAILURE! -- in org.springframework.samples.petclinic.service.ClinicServiceTests
[ERROR] Tests run: 2, Failures: 0, Errors: 2, Skipped: 0, Time elapsed: 1.466 s <<< FAILURE! -- in org.springframework.samples.petclinic.system.CrashControllerIntegrationTests
[ERROR] Tests run: 1, Failures: 0, Errors: 1, Skipped: 0, Time elapsed: 0.326 s <<< FAILURE! -- in org.springframework.samples.petclinic.system.WelcomeControllerTests
[ERROR] Tests run: 2, Failures: 0, Errors: 2, Skipped: 0, Time elapsed: 8.801 s <<< FAILURE! -- in org.springframework.samples.petclinic.PostgresIntegrationTests
[ERROR] Tests run: 2, Failures: 0, Errors: 2, Skipped: 0, Time elapsed: 27.52 s <<< FAILURE! -- in org.springframework.samples.petclinic.MySqlIntegrationTests
[ERROR] Tests run: 18, Failures: 0, Errors: 18, Skipped: 0, Time elapsed: 0.612 s <<< FAILURE! -- in org.springframework.samples.petclinic.owner.OwnerControllerTests
excluded org.antlr:antlr4-runtime after 1 exclusion(s)
C13-antlr4-runtime-rerun REJECTED (reverted)
{'verify_exit': 1, 'tests_run': 81, 'failures': 0, 'errors': 20, 'skipped': 0, 'same_tests_as_baseline': True, 'artifact_bytes': None, 'artifact_delta_vs_baseline': None, 'lib_count': None, 'resolved_total': 148, 'checklist': 'skipped', 'libs_removed_vs_baseline': None}
[ERROR] Tests run: 1, Failures: 0, Errors: 1, Skipped: 0, Time elapsed: 5.290 s <<< FAILURE! -- in org.springframework.samples.petclinic.PetClinicConcurrencyTests
[ERROR] Tests run: 12, Failures: 0, Errors: 12, Skipped: 0, Time elapsed: 0.582 s <<< FAILURE! -- in org.springframework.samples.petclinic.service.ClinicServiceTests
[ERROR] Tests run: 2, Failures: 0, Errors: 2, Skipped: 0, Time elapsed: 8.608 s <<< FAILURE! -- in org.springframework.samples.petclinic.PostgresIntegrationTests
[ERROR] Tests run: 2, Failures: 0, Errors: 2, Skipped: 0, Time elapsed: 26.02 s <<< FAILURE! -- in org.springframework.samples.petclinic.MySqlIntegrationTests
[ERROR] Tests run: 3, Failures: 0, Errors: 3, Skipped: 0, Time elapsed: 0.703 s <<< FAILURE! -- in org.springframework.samples.petclinic.PetClinicIntegrationTests
[ERROR] Errors: 
[ERROR]   MySqlIntegrationTests.findAll » IllegalState Failed to load ApplicationContext for [WebMergedContextConfiguration@64be2898 testClass = org.springframework.samples.petclinic.MySqlIntegrationTests, locations = [], classes = [org.springframework.samples.petclinic.PetClinicApplication], contextInitializerClasses = [], activeProfiles = ["mysql"], propertySourceDescriptors = [], propertySourceProperties = ["org.springframework.boot.test.context.SpringBootTestContextBootstrapper=true", "server.port=0"], contextCustomizers = [org.springframework.boot.test.context.PropertyMappingContextCustomizer@0, org.springframework.boot.test.context.filter.ExcludeFilterContextCustomizer@31142d58, org.springframework.boot.test.json.DuplicateJsonObjectContextCustomizerFactory$DuplicateJsonObjectContextCustomizer@663f237a, org.springframework.boot.test.autoconfigure.OnFailureConditionReportContextCustomizerFactory$OnFailureConditionReportContextCustomizer@bc6288b, org.springframework.test.context.support.DynamicPropertiesContextCustomizer@0, org.springframework.boot.webmvc.test.autoconfigure.WebDriverContextCustomizer@67e25252, org.springframework.boot.web.server.context.SpringBootTestRandomPortContextCustomizer@7affc159, org.springframework.boot.testcontainers.service.connection.ServiceConnectionContextCustomizer@acda6e6, org.springframework.boot.test.context.SpringBootTestAnnotation@561e1500], resourceBasePath = "src/main/webapp", contextLoader = org.springframework.boot.test.context.SpringBootContextLoader, parent = null]
[ERROR]   MySqlIntegrationTests.ownerDetails » IllegalState ApplicationContext failure threshold (1) exceeded: skipping repeated attempt to load context for [WebMergedContextConfiguration@64be2898 testClass = org.springframework.samples.petclinic.MySqlIntegrationTests, locations = [], classes = [org.springframework.samples.petclinic.PetClinicApplication], contextInitializerClasses = [], activeProfiles = ["mysql"], propertySourceDescriptors = [], propertySourceProperties = ["org.springframework.boot.test.context.SpringBootTestContextBootstrapper=true", "server.port=0"], contextCustomizers = [org.springframework.boot.test.context.PropertyMappingContextCustomizer@0, org.springframework.boot.test.context.filter.ExcludeFilterContextCustomizer@31142d58, org.springframework.boot.test.json.DuplicateJsonObjectContextCustomizerFactory$DuplicateJsonObjectContextCustomizer@663f237a, org.springframework.boot.test.autoconfigure.OnFailureConditionReportContextCustomizerFactory$OnFailureConditionReportContextCustomizer@bc6288b, org.springframework.test.context.support.DynamicPropertiesContextCustomizer@0, org.springframework.boot.webmvc.test.autoconfigure.WebDriverContextCustomizer@67e25252, org.springframework.boot.web.server.context.SpringBootTestRandomPortContextCustomizer@7affc159, org.springframework.boot.testcontainers.service.connection.ServiceConnectionContextCustomizer@acda6e6, org.springframework.boot.test.context.SpringBootTestAnnotation@561e1500], resourceBasePath = "src/main/webapp", contextLoader = org.springframework.boot.test.context.SpringBootContextLoader, parent = null]
F01a-drop-mysql-too-broad REJECTED (also removed testcontainers-junit-jupiter, still used by PostgresIntegrationTests: test compile error; reverted, redone as F01)
{'verify_exit': 1, 'tests_run': 0, 'failures': 0, 'errors': 0, 'skipped': 0, 'same_tests_as_baseline': False, 'artifact_bytes': None, 'artifact_delta_vs_baseline': None, 'lib_count': None, 'resolved_total': 133, 'checklist': 'skipped', 'libs_removed_vs_baseline': None}
[ERROR] COMPILATION ERROR : 
[ERROR] /workspaces/maven-slimming-experiment/work/petclinic/src/test/java/org/springframework/samples/petclinic/PostgresIntegrationTests.java:[49,26] package org.testcontainers does not exist
[ERROR] /workspaces/maven-slimming-experiment/work/petclinic/src/test/java/org/springframework/samples/petclinic/PostgresIntegrationTests.java:[68,28] cannot find symbol
[ERROR] /workspaces/maven-slimming-experiment/work/petclinic/src/test/java/org/springframework/samples/petclinic/PostgresIntegrationTests.java:[49,26] package org.testcontainers does not exist
[ERROR] /workspaces/maven-slimming-experiment/work/petclinic/src/test/java/org/springframework/samples/petclinic/PostgresIntegrationTests.java:[68,28] cannot find symbol
[ERROR]   symbol:   variable DockerClientFactory
[ERROR]   location: class org.springframework.samples.petclinic.PostgresIntegrationTests
F01-drop-mysql HELD for manual decision (verdict by the strict rule: REJECT)
{'verify_exit': 0, 'tests_run': 79, 'failures': 0, 'errors': 0, 'skipped': 0, 'same_tests_as_baseline': False, 'artifact_bytes': 59656096, 'artifact_delta_vs_baseline': -6175229, 'lib_count': 81, 'resolved_total': 145, 'checklist': 'FAIL', 'libs_removed_vs_baseline': ['HdrHistogram-2.2.2.jar', 'aspectjweaver-1.9.25.1.jar', 'error_prone_annotations-2.49.0.jar', 'jul-to-slf4j-2.0.18.jar', 'log4j-api-2.25.4.jar', 'log4j-to-slf4j-2.25.4.jar', 'micrometer-jakarta9-1.17.0.jar', 'mysql-connector-j-9.7.0.jar', 'snakeyaml-2.6.jar', 'spring-aspects-7.0.8.jar', 'spring-boot-jarmode-tools-4.1.0.jar', 'tomcat-embed-websocket-11.0.22.jar']}
  DIFF db-row [signature]: baseline='rows=1' candidate='rows='
F01-drop-mysql KEPT (feature-removing; manual decision: only MySqlIntegrationTests (2) gone, h2+postgres checklists identical, mysql profile now silently falls back to in-memory H2 - only db-row check differs)
F02-drop-postgres HELD for manual decision (verdict by the strict rule: REJECT)
{'verify_exit': 0, 'tests_run': 77, 'failures': 0, 'errors': 0, 'skipped': 0, 'same_tests_as_baseline': False, 'artifact_bytes': 58509207, 'artifact_delta_vs_baseline': -7322118, 'lib_count': 80, 'resolved_total': 143, 'checklist': 'FAIL', 'libs_removed_vs_baseline': ['HdrHistogram-2.2.2.jar', 'aspectjweaver-1.9.25.1.jar', 'error_prone_annotations-2.49.0.jar', 'jul-to-slf4j-2.0.18.jar', 'log4j-api-2.25.4.jar', 'log4j-to-slf4j-2.25.4.jar', 'micrometer-jakarta9-1.17.0.jar', 'mysql-connector-j-9.7.0.jar', 'postgresql-42.7.11.jar', 'snakeyaml-2.6.jar', 'spring-aspects-7.0.8.jar', 'spring-boot-jarmode-tools-4.1.0.jar', 'tomcat-embed-websocket-11.0.22.jar']}
  DIFF db-row [signature]: baseline='rows=1' candidate='rows='
  DIFF db-row [signature]: baseline='rows=1' candidate='rows='
F02-drop-postgres KEPT (feature-removing; manual decision: only PostgresIntegrationTests (2) gone in addition to F01, h2 checklist identical, postgres profile now silently falls back to in-memory H2 - only db-row check differs)
F03-drop-testcontainers HELD for manual decision (verdict by the strict rule: REJECT)
{'verify_exit': 0, 'tests_run': 77, 'failures': 0, 'errors': 0, 'skipped': 0, 'same_tests_as_baseline': False, 'artifact_bytes': 58509133, 'artifact_delta_vs_baseline': -7322192, 'lib_count': 80, 'resolved_total': 131, 'checklist': 'FAIL', 'libs_removed_vs_baseline': ['HdrHistogram-2.2.2.jar', 'aspectjweaver-1.9.25.1.jar', 'error_prone_annotations-2.49.0.jar', 'jul-to-slf4j-2.0.18.jar', 'log4j-api-2.25.4.jar', 'log4j-to-slf4j-2.25.4.jar', 'micrometer-jakarta9-1.17.0.jar', 'mysql-connector-j-9.7.0.jar', 'postgresql-42.7.11.jar', 'snakeyaml-2.6.jar', 'spring-aspects-7.0.8.jar', 'spring-boot-jarmode-tools-4.1.0.jar', 'tomcat-embed-websocket-11.0.22.jar']}
  DIFF db-row [signature]: baseline='rows=1' candidate='rows='
  DIFF db-row [signature]: baseline='rows=1' candidate='rows='
F03-drop-testcontainers KEPT (feature-removing consequence; tests 77 = same as F02, checklists identical to F02, artifact -74 B metadata only)
Auto-merging pom.xml
CONFLICT (content): Merge conflict in pom.xml
error: could not revert 4c473aa... B03-jul-to-slf4j: exclude org.slf4j:jul-to-slf4j everywhere
hint: after resolving the conflicts, mark the corrected paths
hint: with 'git add <paths>' or 'git rm <paths>'
hint: Disable this message with "git config set advice.mergeConflict false"
edit failed: git revert --no-commit 4c473aa && git reset -q
error: path 'pom.xml' is unmerged
R01-revert-B03-jul-to-slf4j HELD for manual decision (verdict by the strict rule: REJECT)
{'verify_exit': 0, 'tests_run': 77, 'failures': 0, 'errors': 0, 'skipped': 0, 'same_tests_as_baseline': False, 'artifact_bytes': 58516220, 'artifact_delta_vs_baseline': -7315105, 'lib_count': 81, 'resolved_total': 132, 'checklist': 'FAIL', 'libs_removed_vs_baseline': ['HdrHistogram-2.2.2.jar', 'aspectjweaver-1.9.25.1.jar', 'error_prone_annotations-2.49.0.jar', 'log4j-api-2.25.4.jar', 'log4j-to-slf4j-2.25.4.jar', 'micrometer-jakarta9-1.17.0.jar', 'mysql-connector-j-9.7.0.jar', 'postgresql-42.7.11.jar', 'snakeyaml-2.6.jar', 'spring-aspects-7.0.8.jar', 'spring-boot-jarmode-tools-4.1.0.jar', 'tomcat-embed-websocket-11.0.22.jar']}
  DIFF db-row [signature]: baseline='rows=1' candidate='rows='
  DIFF db-row [signature]: baseline='rows=1' candidate='rows='
R01-revert-B03-jul-to-slf4j KEPT (manual decision: restores log routing; h2 checklist incl. log-routing identical to baseline; mysql/postgres differ only in db-row as expected after F01/F02)
B03-jul-to-slf4j REJECTED (retroactively, reverted by R01: Tomcat/JUL logs bypass Logback; tests and the original 57-item HTTP checklist did not catch it)
excluded jakarta.inject:jakarta.inject-api after 1 exclusion(s)
C18-jakarta-inject-api-rerun KEPT
{'verify_exit': 0, 'tests_run': 81, 'failures': 0, 'errors': 0, 'skipped': 0, 'same_tests_as_baseline': True, 'artifact_bytes': 62318298, 'artifact_delta_vs_baseline': -3513027, 'lib_count': 83, 'resolved_total': 150, 'checklist': 'pass', 'libs_removed_vs_baseline': ['HdrHistogram-2.2.2.jar', 'aspectjweaver-1.9.25.1.jar', 'error_prone_annotations-2.49.0.jar', 'jakarta.inject-api-2.0.1.jar', 'log4j-api-2.25.4.jar', 'log4j-to-slf4j-2.25.4.jar', 'micrometer-jakarta9-1.17.0.jar', 'snakeyaml-2.6.jar', 'spring-aspects-7.0.8.jar', 'tomcat-embed-websocket-11.0.22.jar']}
C18-jakarta-inject-api REJECTED-SUPERSEDED (original run failed only on mysql profile due to harness readiness race, see INCIDENTS #9; re-run C18-jakarta-inject-api-rerun KEPT)
C18-jakarta-inject-api-on-full HELD for manual decision (verdict by the strict rule: REJECT)
{'verify_exit': 0, 'tests_run': 77, 'failures': 0, 'errors': 0, 'skipped': 0, 'same_tests_as_baseline': False, 'artifact_bytes': 58504809, 'artifact_delta_vs_baseline': -7326516, 'lib_count': 80, 'resolved_total': 131, 'checklist': 'FAIL', 'libs_removed_vs_baseline': ['HdrHistogram-2.2.2.jar', 'aspectjweaver-1.9.25.1.jar', 'error_prone_annotations-2.49.0.jar', 'jakarta.inject-api-2.0.1.jar', 'log4j-api-2.25.4.jar', 'log4j-to-slf4j-2.25.4.jar', 'micrometer-jakarta9-1.17.0.jar', 'mysql-connector-j-9.7.0.jar', 'postgresql-42.7.11.jar', 'snakeyaml-2.6.jar', 'spring-aspects-7.0.8.jar', 'spring-boot-jarmode-tools-4.1.0.jar', 'tomcat-embed-websocket-11.0.22.jar']}
  DIFF db-row [signature]: baseline='rows=1' candidate='rows='
  DIFF db-row [signature]: baseline='rows=1' candidate='rows='
C18-jakarta-inject-api-on-full KEPT (manual: tests 77 as F03/R01 state, checklists identical to that state; only expected db-row diffs)
